Component: ARM Compiler 5.06 update 7 (build 960) Tool: armlink [4d3601]

==============================================================================

Section Cross References

    startup_stm32f103xb.o(STACK) refers (Special) to heapauxi.o(.text) for __use_two_region_memory
    startup_stm32f103xb.o(HEAP) refers (Special) to heapauxi.o(.text) for __use_two_region_memory
    startup_stm32f103xb.o(RESET) refers (Special) to heapauxi.o(.text) for __use_two_region_memory
    startup_stm32f103xb.o(RESET) refers to startup_stm32f103xb.o(STACK) for __initial_sp
    startup_stm32f103xb.o(RESET) refers to startup_stm32f103xb.o(.text) for Reset_Handler
    startup_stm32f103xb.o(RESET) refers to stm32f1xx_it.o(i.NMI_Handler) for NMI_Handler
    startup_stm32f103xb.o(RESET) refers to stm32f1xx_it.o(i.HardFault_Handler) for HardFault_Handler
    startup_stm32f103xb.o(RESET) refers to stm32f1xx_it.o(i.MemManage_Handler) for MemManage_Handler
    startup_stm32f103xb.o(RESET) refers to stm32f1xx_it.o(i.BusFault_Handler) for BusFault_Handler
    startup_stm32f103xb.o(RESET) refers to stm32f1xx_it.o(i.UsageFault_Handler) for UsageFault_Handler
    startup_stm32f103xb.o(RESET) refers to stm32f1xx_it.o(i.SVC_Handler) for SVC_Handler
    startup_stm32f103xb.o(RESET) refers to stm32f1xx_it.o(i.DebugMon_Handler) for DebugMon_Handler
    startup_stm32f103xb.o(RESET) refers to stm32f1xx_it.o(i.PendSV_Handler) for PendSV_Handler
    startup_stm32f103xb.o(RESET) refers to stm32f1xx_it.o(i.SysTick_Handler) for SysTick_Handler
    startup_stm32f103xb.o(RESET) refers to stm32f1xx_it.o(i.TIM2_IRQHandler) for TIM2_IRQHandler
    startup_stm32f103xb.o(RESET) refers to stm32f1xx_it.o(i.TIM3_IRQHandler) for TIM3_IRQHandler
    startup_stm32f103xb.o(RESET) refers to stm32f1xx_it.o(i.TIM4_IRQHandler) for TIM4_IRQHandler
    startup_stm32f103xb.o(RESET) refers to stm32f1xx_it.o(i.USART1_IRQHandler) for USART1_IRQHandler
    startup_stm32f103xb.o(.text) refers (Special) to heapauxi.o(.text) for __use_two_region_memory
    startup_stm32f103xb.o(.text) refers to system_stm32f1xx.o(i.SystemInit) for SystemInit
    startup_stm32f103xb.o(.text) refers to __main.o(!!!main) for __main
    startup_stm32f103xb.o(.text) refers to startup_stm32f103xb.o(HEAP) for Heap_Mem
    startup_stm32f103xb.o(.text) refers to startup_stm32f103xb.o(STACK) for Stack_Mem
    step_motor.o(i.AFL) refers to my_pwm.o(i.PWM_Disable) for PWM_Disable
    step_motor.o(i.AFL) refers to stm32f1xx_hal_gpio.o(i.HAL_GPIO_WritePin) for HAL_GPIO_WritePin
    step_motor.o(i.AHL) refers to my_pwm.o(i.PWM_SetDuty) for PWM_SetDuty
    step_motor.o(i.AHL) refers to my_pwm.o(i.PWM_Enable) for PWM_Enable
    step_motor.o(i.AHL) refers to stm32f1xx_hal_gpio.o(i.HAL_GPIO_WritePin) for HAL_GPIO_WritePin
    step_motor.o(i.ALH) refers to my_pwm.o(i.PWM_SetDuty) for PWM_SetDuty
    step_motor.o(i.ALH) refers to my_pwm.o(i.PWM_Enable) for PWM_Enable
    step_motor.o(i.ALH) refers to stm32f1xx_hal_gpio.o(i.HAL_GPIO_WritePin) for HAL_GPIO_WritePin
    step_motor.o(i.BFL) refers to my_pwm.o(i.PWM_Disable) for PWM_Disable
    step_motor.o(i.BFL) refers to stm32f1xx_hal_gpio.o(i.HAL_GPIO_WritePin) for HAL_GPIO_WritePin
    step_motor.o(i.BHL) refers to my_pwm.o(i.PWM_SetDuty) for PWM_SetDuty
    step_motor.o(i.BHL) refers to my_pwm.o(i.PWM_Enable) for PWM_Enable
    step_motor.o(i.BHL) refers to stm32f1xx_hal_gpio.o(i.HAL_GPIO_WritePin) for HAL_GPIO_WritePin
    step_motor.o(i.BLH) refers to my_pwm.o(i.PWM_SetDuty) for PWM_SetDuty
    step_motor.o(i.BLH) refers to my_pwm.o(i.PWM_Enable) for PWM_Enable
    step_motor.o(i.BLH) refers to stm32f1xx_hal_gpio.o(i.HAL_GPIO_WritePin) for HAL_GPIO_WritePin
    step_motor.o(i.stepmotor_decrease_step) refers to step_motor.o(i.stepmotor_set_step) for stepmotor_set_step
    step_motor.o(i.stepmotor_increase_step) refers to step_motor.o(i.stepmotor_set_step) for stepmotor_set_step
    step_motor.o(i.stepmotor_init) refers to f2d.o(x$fpl$f2d) for __aeabi_f2d
    step_motor.o(i.stepmotor_init) refers to sin.o(i.sin) for sin
    step_motor.o(i.stepmotor_init) refers to dflt_clz.o(x$fpl$dfltu) for __aeabi_ui2d
    step_motor.o(i.stepmotor_init) refers to dmul.o(x$fpl$dmul) for __aeabi_dmul
    step_motor.o(i.stepmotor_init) refers to dfix.o(x$fpl$dfix) for __aeabi_d2iz
    step_motor.o(i.stepmotor_init) refers to cos.o(i.cos) for cos
    step_motor.o(i.stepmotor_init) refers to faddsub_clz.o(x$fpl$fadd) for __aeabi_fadd
    step_motor.o(i.stepmotor_init) refers to step_motor.o(i.stepmotor_set_step) for stepmotor_set_step
    step_motor.o(i.stepmotor_init) refers to stm32f1xx_hal.o(i.HAL_Delay) for HAL_Delay
    step_motor.o(i.stepmotor_init) refers to step_motor.o(i.stepmotor_stop) for stepmotor_stop
    step_motor.o(i.stepmotor_init) refers to step_motor.o(i.stepmotor_move_xy) for stepmotor_move_xy
    step_motor.o(i.stepmotor_init) refers to system_stm32f1xx.o(.data) for SystemCoreClock
    step_motor.o(i.stepmotor_init) refers to step_motor.o(.bss) for .bss
[...]
    .constdata                               0x08005bd6   Section        7  retarget_io.o(.constdata)
    .constdata                               0x08005bdd   Section        8  retarget_io.o(.constdata)
    .constdata                               0x08005be5   Section        8  retarget_io.o(.constdata)
    .constdata                               0x08005bf0   Section       48  cos_i.o(.constdata)
    C                                        0x08005bf0   Data          48  cos_i.o(.constdata)
    .constdata                               0x08005c20   Section      200  rred.o(.constdata)
    pio2s                                    0x08005c20   Data          48  rred.o(.constdata)
    twooverpi                                0x08005c50   Data         152  rred.o(.constdata)
    .constdata                               0x08005ce8   Section       40  sin_i.o(.constdata)
    S                                        0x08005ce8   Data          40  sin_i.o(.constdata)
    .constdata                               0x08005d10   Section      148  bigflt0.o(.constdata)
    tenpwrs_x                                0x08005d10   Data          60  bigflt0.o(.constdata)
    tenpwrs_i                                0x08005d4c   Data          64  bigflt0.o(.constdata)
    c$$dinf                                  0x08005dc4   Section        8  fpconst.o(c$$dinf)
    c$$dmax                                  0x08005dcc   Section        8  fpconst.o(c$$dmax)
    locale$$data                             0x08005dd4   Section       28  lc_numeric_c.o(locale$$data)
    __lcnum_c_name                           0x08005dd8   Data           2  lc_numeric_c.o(locale$$data)
    __lcnum_c_start                          0x08005de0   Data           0  lc_numeric_c.o(locale$$data)
    __lcnum_c_point                          0x08005dec   Data           0  lc_numeric_c.o(locale$$data)
    __lcnum_c_thousands                      0x08005dee   Data           0  lc_numeric_c.o(locale$$data)
    __lcnum_c_grouping                       0x08005def   Data           0  lc_numeric_c.o(locale$$data)
    locale$$data                             0x08005df0   Section      272  lc_ctype_c.o(locale$$data)
    __lcnum_c_end                            0x08005df0   Data           0  lc_numeric_c.o(locale$$data)
    __lcctype_c_name                         0x08005df4   Data           2  lc_ctype_c.o(locale$$data)
    __lcctype_c_start                        0x08005dfc   Data           0  lc_ctype_c.o(locale$$data)
    __lcctype_c_end                          0x08005f00   Data           0  lc_ctype_c.o(locale$$data)
    .data                                    0x20000000   Section        4  step_motor.o(.data)
    .data                                    0x20000004   Section        2  main.o(.data)
    .data                                    0x20000008   Section       12  stm32f1xx_hal.o(.data)
    .data                                    0x20000014   Section        4  system_stm32f1xx.o(.data)
    .data                                    0x20000018   Section        4  stdio_streams.o(.data)
    .data                                    0x2000001c   Section        4  stdio_streams.o(.data)
    .data                                    0x20000020   Section        4  stdio_streams.o(.data)
    .bss                                     0x20000024   Section      360  step_motor.o(.bss)
    .bss                                     0x2000018c   Section       16  servo.o(.bss)
    .bss                                     0x2000019c   Section      524  main.o(.bss)
    .bss                                     0x200003a8   Section       84  stdio_streams.o(.bss)
    .bss                                     0x200003fc   Section       84  stdio_streams.o(.bss)
    .bss                                     0x20000450   Section       84  stdio_streams.o(.bss)
    .bss                                     0x200004a4   Section       96  libspace.o(.bss)
    HEAP                                     0x20000508   Section      512  startup_stm32f103xb.o(HEAP)
    Heap_Mem                                 0x20000508   Data         512  startup_stm32f103xb.o(HEAP)
    STACK                                    0x20000708   Section     1024  startup_stm32f103xb.o(STACK)
    Stack_Mem                                0x20000708   Data        1024  startup_stm32f103xb.o(STACK)
    __initial_sp                             0x20000b08   Data           0  startup_stm32f103xb.o(STACK)

    Global Symbols

    Symbol Name                              Value     Ov Type        Size  Object(Section)

    BuildAttributes$$THM_ISAv4$P$D$K$B$S$PE$A:L22UL41UL21$X:L11$S22US41US21$IEEE1$IW$USESV6$~STKCKD$USESV7$~SHL$OTIME$ROPI$IEEEX$EBA8$UX$STANDARDLIB$REQ8$PRES8$EABIv2 0x00000000   Number         0  anon$$obj.o ABSOLUTE
    __ARM_use_no_argv                        0x00000000   Number         0  main.o ABSOLUTE
    __ARM_exceptions_init                     - Undefined Weak Reference
    __alloca_initialize                       - Undefined Weak Reference
    __arm_fini_                               - Undefined Weak Reference
    __arm_preinit_                            - Undefined Weak Reference
    __cpp_initialize__aeabi_                  - Undefined Weak Reference
    __cxa_finalize                            - Undefined Weak Reference
    __sigvec_lookup                           - Undefined Weak Reference
    __user_heap_extent                        - Undefined Weak Reference
    _atexit_init                              - Undefined Weak Reference
    _call_atexit_fns                          - Undefined Weak Reference
    _clock_init                               - Undefined Weak Reference
    _fp_trap_init                             - Undefined Weak Reference
    _fp_trap_shutdown                         - Undefined Weak Reference
    _get_lc_collate                           - Undefined Weak Reference
    _get_lc_monetary                          - Undefined Weak Reference
    _get_lc_time                              - Undefined Weak Reference
    _getenv_init                              - Undefined Weak Reference
    _handle_redirection                       - Undefined Weak Reference
    _mutex_acquire                            - Undefined Weak Reference
    _mutex_free                               - Undefined Weak Reference
    _mutex_release                            - Undefined Weak Reference
    _rand_init                                - Undefined Weak Reference
    _signal_finish                            - Undefined Weak Reference
    _signal_init                              - Undefined Weak Reference
    __Vectors_Size                           0x000000ec   Number         0  startup_stm32f103xb.o ABSOLUTE
    __Vectors                                0x08000000   Data           4  startup_stm32f103xb.o(RESET)
    __Vectors_End                            0x080000ec   Data           0  startup_stm32f103xb.o(RESET)
    __main                                   0x080000ed   Thumb Code     8  __main.o(!!!main)
    __scatterload                            0x080000f5   Thumb Code     0  __scatter.o(!!!scatter)
    __scatterload_rt2                        0x080000f5   Thumb Code    44  __scatter.o(!!!scatter)
    __scatterload_rt2_thumb_only             0x080000f5   Thumb Code     0  __scatter.o(!!!scatter)
    __scatterload_null                       0x08000103   Thumb Code     0  __scatter.o(!!!scatter)
    __scatterload_copy                       0x08000129   Thumb Code    26  __scatter_copy.o(!!handler_copy)
    __scatterload_zeroinit                   0x08000145   Thumb Code    28  __scatter_zi.o(!!handler_zi)
    __rt_lib_init                            0x08000161   Thumb Code     0  libinit.o(.ARM.Collect$$libinit$$00000000)
    __rt_lib_init_fp_1                       0x08000163   Thumb Code     0  libinit2.o(.ARM.Collect$$libinit$$00000002)
    __rt_lib_init_heap_2                     0x08000163   Thumb Code     0  libinit2.o(.ARM.Collect$$libinit$$00000005)
    __rt_lib_init_preinit_1                  0x08000163   Thumb Code     0  libinit2.o(.ARM.Collect$$libinit$$00000004)
    __rt_lib_init_heap_1                     0x0800016b   Thumb Code     0  libinit2.o(.ARM.Collect$$libinit$$0000000A)
    __rt_lib_init_lc_common                  0x0800016b   Thumb Code     0  libinit2.o(.ARM.Collect$$libinit$$0000000F)
    __rt_lib_init_rand_1                     0x0800016b   Thumb Code     0  libinit2.o(.ARM.Collect$$libinit$$0000000E)
    __rt_lib_init_user_alloc_1               0x0800016b   Thumb Code     0  libinit2.o(.ARM.Collect$$libinit$$0000000C)
    __rt_lib_init_lc_collate_1               0x08000171   Thumb Code     0  libinit2.o(.ARM.Collect$$libinit$$00000011)
    __rt_lib_init_lc_ctype_2                 0x08000171   Thumb Code     0  libinit2.o(.ARM.Collect$$libinit$$00000012)
    __rt_lib_init_lc_ctype_1                 0x0800017d   Thumb Code     0  libinit2.o(.ARM.Collect$$libinit$$00000013)
    __rt_lib_init_lc_monetary_1              0x0800017d   Thumb Code     0  libinit2.o(.ARM.Collect$$libinit$$00000015)
    __rt_lib_init_lc_numeric_2               0x0800017d   Thumb Code     0  libinit2.o(.ARM.Collect$$libinit$$00000016)
    __rt_lib_init_atexit_1                   0x08000187   Thumb Code     0  libinit2.o(.ARM.Collect$$libinit$$0000001B)
    __rt_lib_init_clock_1                    0x08000187   Thumb Code     0  libinit2.o(.ARM.Collect$$libinit$$00000021)
    __rt_lib_init_fp_trap_1                  0x08000187   Thumb Code     0  libinit2.o(.ARM.Collect$$libinit$$0000001F)
    __rt_lib_init_getenv_1                   0x08000187   Thumb Code     0  libinit2.o(.ARM.Collect$$libinit$$00000023)
    __rt_lib_init_lc_numeric_1               0x08000187   Thumb Code     0  libinit2.o(.ARM.Collect$$libinit$$00000017)
    __rt_lib_init_lc_time_1                  0x08000187   Thumb Code     0  libinit2.o(.ARM.Collect$$libinit$$00000019)
    __rt_lib_init_signal_1                   0x08000187   Thumb Code     0  libinit2.o(.ARM.Collect$$libinit$$0000001D)
    __rt_lib_init_stdio_2                    0x08000187   Thumb Code     0  libinit2.o(.ARM.Collect$$libinit$$00000024)
    __rt_lib_init_alloca_1                   0x0800018b   Thumb Code     0  libinit2.o(.ARM.Collect$$libinit$$0000002E)
    __rt_lib_init_argv_1                     0x0800018b   Thumb Code     0  libinit2.o(.ARM.Collect$$libinit$$0000002C)
    __rt_lib_init_cpp_1                      0x0800018b   Thumb Code     0  libinit2.o(.ARM.Collect$$libinit$$00000032)
    __rt_lib_init_exceptions_1               0x0800018b   Thumb Code     0  libinit2.o(.ARM.Collect$$libinit$$00000030)
    __rt_lib_init_return                     0x0800018b   Thumb Code     0  libinit2.o(.ARM.Collect$$libinit$$00000033)
    __rt_lib_init_stdio_1                    0x0800018b   Thumb Code     0  libinit2.o(.ARM.Collect$$libinit$$00000025)
    __rt_lib_shutdown                        0x0800018d   Thumb Code     0  libshutdown.o(.ARM.Collect$$libshutdown$$00000000)
    __rt_lib_shutdown_cpp_1                  0x0800018f   Thumb Code     0  libshutdown2.o(.ARM.Collect$$libshutdown$$00000004)
    __rt_lib_shutdown_fini_1                 0x0800018f   Thumb Code     0  libshutdown2.o(.ARM.Collect$$libshutdown$$00000002)
    __rt_lib_shutdown_stdio_2                0x0800018f   Thumb Code     0  libshutdown2.o(.ARM.Collect$$libshutdown$$00000005)
    __rt_lib_shutdown_fp_trap_1              0x08000193   Thumb Code     0  libshutdown2.o(.ARM.Collect$$libshutdown$$00000009)
    __rt_lib_shutdown_heap_1                 0x08000193   Thumb Code     0  libshutdown2.o(.ARM.Collect$$libshutdown$$00000011)
    __rt_lib_shutdown_return                 0x08000193   Thumb Code     0  libshutdown2.o(.ARM.Collect$$libshutdown$$00000012)
    __rt_lib_shutdown_signal_1               0x08000193   Thumb Code     0  libshutdown2.o(.ARM.Collect$$libshutdown$$0000000C)
    __rt_lib_shutdown_stdio_1                0x08000193   Thumb Code     0  libshutdown2.o(.ARM.Collect$$libshutdown$$00000006)
    __rt_lib_shutdown_user_alloc_1           0x08000193   Thumb Code     0  libshutdown2.o(.ARM.Collect$$libshutdown$$0000000E)
    __rt_entry                               0x08000195   Thumb Code     0  __rtentry.o(.ARM.Collect$$rtentry$$00000000)
    __rt_entry_presh_1                       0x08000195   Thumb Code     0  __rtentry2.o(.ARM.Collect$$rtentry$$00000002)
    __rt_entry_sh                            0x08000195   Thumb Code     0  __rtentry4.o(.ARM.Collect$$rtentry$$00000004)
    __rt_entry_li                            0x0800019b   Thumb Code     0  __rtentry2.o(.ARM.Collect$$rtentry$$0000000A)
    __rt_entry_postsh_1                      0x0800019b   Thumb Code     0  __rtentry2.o(.ARM.Collect$$rtentry$$00000009)
    __rt_entry_main                          0x0800019f   Thumb Code     0  __rtentry2.o(.ARM.Collect$$rtentry$$0000000D)
    __rt_entry_postli_1                      0x0800019f   Thumb Code     0  __rtentry2.o(.ARM.Collect$$rtentry$$0000000C)
    __rt_exit                                0x080001a7   Thumb Code     0  rtexit.o(.ARM.Collect$$rtexit$$00000000)
    __rt_exit_ls                             0x080001a9   Thumb Code     0  rtexit2.o(.ARM.Collect$$rtexit$$00000003)
    __rt_exit_prels_1                        0x080001a9   Thumb Code     0  rtexit2.o(.ARM.Collect$$rtexit$$00000002)
    __rt_exit_exit                           0x080001ad   Thumb Code     0  rtexit2.o(.ARM.Collect$$rtexit$$00000004)
    Reset_Handler                            0x080001b5   Thumb Code     8  startup_stm32f103xb.o(.text)
    _maybe_terminate_alloc                   0x080001b5   Thumb Code     0  maybetermalloc1.o(.emb_text)
    ADC1_2_IRQHandler                        0x080001cf   Thumb Code     0  startup_stm32f103xb.o(.text)
    CAN1_RX1_IRQHandler                      0x080001cf   Thumb Code     0  startup_stm32f103xb.o(.text)
    CAN1_SCE_IRQHandler                      0x080001cf   Thumb Code     0  startup_stm32f103xb.o(.text)
    DMA1_Channel1_IRQHandler                 0x080001cf   Thumb Code     0  startup_stm32f103xb.o(.text)
    DMA1_Channel2_IRQHandler                 0x080001cf   Thumb Code     0  startup_stm32f103xb.o(.text)
    DMA1_Channel3_IRQHandler                 0x080001cf   Thumb Code     0  startup_stm32f103xb.o(.text)
    DMA1_Channel4_IRQHandler                 0x080001cf   Thumb Code     0  startup_stm32f103xb.o(.text)
    DMA1_Channel5_IRQHandler                 0x080001cf   Thumb Code     0  startup_stm32f103xb.o(.text)
    DMA1_Channel6_IRQHandler                 0x080001cf   Thumb Code     0  startup_stm32f103xb.o(.text)
    DMA1_Channel7_IRQHandler                 0x080001cf   Thumb Code     0  startup_stm32f103xb.o(.text)
    EXTI0_IRQHandler                         0x080001cf   Thumb Code     0  startup_stm32f103xb.o(.text)
    EXTI15_10_IRQHandler                     0x080001cf   Thumb Code     0  startup_stm32f103xb.o(.text)
    EXTI1_IRQHandler                         0x080001cf   Thumb Code     0  startup_stm32f103xb.o(.text)
    EXTI2_IRQHandler                         0x080001cf   Thumb Code     0  startup_stm32f103xb.o(.text)
    EXTI3_IRQHandler                         0x080001cf   Thumb Code     0  startup_stm32f103xb.o(.text)
    EXTI4_IRQHandler                         0x080001cf   Thumb Code     0  startup_stm32f103xb.o(.text)
    EXTI9_5_IRQHandler                       0x080001cf   Thumb Code     0  startup_stm32f103xb.o(.text)
    FLASH_IRQHandler                         0x080001cf   Thumb Code     0  startup_stm32f103xb.o(.text)
    I2C1_ER_IRQHandler                       0x080001cf   Thumb Code     0  startup_stm32f103xb.o(.text)
    I2C1_EV_IRQHandler                       0x080001cf   Thumb Code     0  startup_stm32f103xb.o(.text)
    I2C2_ER_IRQHandler                       0x080001cf   Thumb Code     0  startup_stm32f103xb.o(.text)
    I2C2_EV_IRQHandler                       0x080001cf   Thumb Code     0  startup_stm32f103xb.o(.text)
    PVD_IRQHandler                           0x080001cf   Thumb Code     0  startup_stm32f103xb.o(.text)
    RCC_IRQHandler                           0x080001cf   Thumb Code     0  startup_stm32f103xb.o(.text)
    RTC_Alarm_IRQHandler                     0x080001cf   Thumb Code     0  startup_stm32f103xb.o(.text)
    RTC_IRQHandler                           0x080001cf   Thumb Code     0  startup_stm32f103xb.o(.text)
    SPI1_IRQHandler                          0x080001cf   Thumb Code     0  startup_stm32f103xb.o(.text)
    SPI2_IRQHandler                          0x080001cf   Thumb Code     0  startup_stm32f103xb.o(.text)
    TAMPER_IRQHandler                        0x080001cf   Thumb Code     0  startup_stm32f103xb.o(.text)
    TIM1_BRK_IRQHandler                      0x080001cf   Thumb Code     0  startup_stm32f103xb.o(.text)
    TIM1_CC_IRQHandler                       0x080001cf   Thumb Code     0  startup_stm32f103xb.o(.text)
    TIM1_TRG_COM_IRQHandler                  0x080001cf   Thumb Code     0  startup_stm32f103xb.o(.text)
    TIM1_UP_IRQHandler                       0x080001cf   Thumb Code     0  startup_stm32f103xb.o(.text)
    USART2_IRQHandler                        0x080001cf   Thumb Code     0  startup_stm32f103xb.o(.text)
    USART3_IRQHandler                        0x080001cf   Thumb Code     0  startup_stm32f103xb.o(.text)
    USBWakeUp_IRQHandler                     0x080001cf   Thumb Code     0  startup_stm32f103xb.o(.text)
    USB_HP_CAN1_TX_IRQHandler                0x080001cf   Thumb Code     0  startup_stm32f103xb.o(.text)
    USB_LP_CAN1_RX0_IRQHandler               0x080001cf   Thumb Code     0  startup_stm32f103xb.o(.text)
    WWDG_IRQHandler                          0x080001cf   Thumb Code     0  startup_stm32f103xb.o(.text)
    __user_initial_stackheap                 0x080001d1   Thumb Code     0  startup_stm32f103xb.o(.text)
    __2printf                                0x080001f5   Thumb Code    20  noretval__2printf.o(.text)
    __aeabi_memclr4                          0x0800020d   Thumb Code     0  rt_memclr_w.o(.text)
    __aeabi_memclr8                          0x0800020d   Thumb Code     0  rt_memclr_w.o(.text)
    __rt_memclr_w                            0x0800020d   Thumb Code    78  rt_memclr_w.o(.text)
    _memset_w                                0x08000211   Thumb Code     0  rt_memclr_w.o(.text)
    strcmp                                   0x0800025d   Thumb Code   128  strcmpv7m.o(.text)
    __use_two_region_memory                  0x080002dd   Thumb Code     2  heapauxi.o(.text)
    __rt_heap_escrow                         0x080002df   Thumb Code     2  heapauxi.o(.text)
    __rt_heap_expand                         0x080002e1   Thumb Code     2  heapauxi.o(.text)
    __read_errno                             0x080002e3   Thumb Code    10  _rserrno.o(.text)
    __set_errno                              0x080002ed   Thumb Code    12  _rserrno.o(.text)
    _printf_char_file                        0x080002f9   Thumb Code    32  _printf_char_file.o(.text)
    __strtod_int                             0x08000359   Thumb Code    90  strtod.o(.text)
    __aeabi_errno_addr                       0x080003c1   Thumb Code     8  rt_errno_addr_intlibspace.o(.text)
    __errno$intlibspace                      0x080003c1   Thumb Code     0  rt_errno_addr_intlibspace.o(.text)
    __rt_errno_addr$intlibspace              0x080003c1   Thumb Code     0  rt_errno_addr_intlibspace.o(.text)
    isspace                                  0x080003c9   Thumb Code    18  isspace.o(.text)
    _printf_char_common                      0x080003e7   Thumb Code    32  _printf_char_common.o(.text)
    _sgetc                                   0x0800040d   Thumb Code    30  _sgetc.o(.text)
    _sbackspace                              0x0800042b   Thumb Code    34  _sgetc.o(.text)
    ferror                                   0x0800044d   Thumb Code     8  ferror.o(.text)
    _initio                                  0x08000455   Thumb Code   210  initio.o(.text)
    _terminateio                             0x08000527   Thumb Code    56  initio.o(.text)
    __user_libspace                          0x0800058d   Thumb Code     8  libspace.o(.text)
    __user_perproc_libspace                  0x0800058d   Thumb Code     0  libspace.o(.text)
    __user_perthread_libspace                0x0800058d   Thumb Code     0  libspace.o(.text)
    __user_setup_stackheap                   0x08000595   Thumb Code    74  sys_stackheap_outer.o(.text)
    __rt_ctype_table                         0x080005e1   Thumb Code    16  rt_ctype_table.o(.text)
    free                                     0x080005f1   Thumb Code    78  h1_free.o(.text)
    __printf                                 0x0800063f   Thumb Code    40  __printf_nopercent.o(.text)
    _scanf_really_real                       0x080008b5   Thumb Code   684  scanf_fp.o(.text)
    setvbuf                                  0x08000b61   Thumb Code    70  setvbuf.o(.text)
    freopen                                  0x08000ba9   Thumb Code   158  fopen.o(.text)
    fopen                                    0x08000c47   Thumb Code    74  fopen.o(.text)
    _fclose_internal                         0x08000c95   Thumb Code    76  fclose.o(.text)
    fclose                                   0x08000c95   Thumb Code     0  fclose.o(.text)
    exit                                     0x08000ce1   Thumb Code    18  exit.o(.text)
    __rt_SIGRTRED                            0x08000cf3   Thumb Code    14  defsig_rtred_outer.o(.text)
    __rt_heap_descriptor                     0x08000d01   Thumb Code     8  rt_heap_descriptor_intlibspace.o(.text)
    __rt_locale                              0x08000d09   Thumb Code     8  rt_locale_intlibspace.o(.text)
    __use_no_heap                            0x08000d11   Thumb Code     2  hguard.o(.text)
    __heap$guard                             0x08000d13   Thumb Code     2  hguard.o(.text)
    _terminate_user_alloc                    0x08000d15   Thumb Code     2  init_alloc.o(.text)
    _init_user_alloc                         0x08000d17   Thumb Code     2  init_alloc.o(.text)
    __Heap_Full                              0x08000d19   Thumb Code    34  init_alloc.o(.text)
    __Heap_Broken                            0x08000d3b   Thumb Code     6  init_alloc.o(.text)
    _init_alloc                              0x08000d41   Thumb Code    94  init_alloc.o(.text)
    malloc                                   0x08000d9f   Thumb Code    94  h1_alloc.o(.text)
    _btod_etento                             0x08000dfd   Thumb Code   224  bigflt0.o(.text)
    _fseek                                   0x08000ee1   Thumb Code   242  fseek.o(.text)
    fseek                                    0x08000ee1   Thumb Code     0  fseek.o(.text)
    _seterr                                  0x08000fd9   Thumb Code    20  stdio.o(.text)
    _writebuf                                0x08000fed   Thumb Code    84  stdio.o(.text)
    _fflush                                  0x08001041   Thumb Code    70  stdio.o(.text)
    _deferredlazyseek                        0x08001087   Thumb Code    60  stdio.o(.text)
    __sig_exit                               0x080010c9   Thumb Code    10  defsig_exit.o(.text)
    __rt_SIGRTRED_inner                      0x080010d5   Thumb Code    14  defsig_rtred_inner.o(.text)
    _sys_exit                                0x08001109   Thumb Code     8  sys_exit.o(.text)
    __Heap_Initialize                        0x08001115   Thumb Code    10  h1_init.o(.text)
    __Heap_DescSize                          0x0800111f   Thumb Code     4  h1_init.o(.text)
    __Heap_ProvideMemory                     0x08001123   Thumb Code    52  h1_extend.o(.text)
    _scanf_really_hex_real                   0x08001159   Thumb Code   786  scanf_hexfp.o(.text)
    _scanf_really_infnan                     0x08001479   Thumb Code   292  scanf_infnan.o(.text)
    _ftell_internal                          0x080015ad   Thumb Code    66  ftell.o(.text)
    ftell                                    0x080015ad   Thumb Code     0  ftell.o(.text)
    __default_signal_display                 0x080015ef   Thumb Code    50  defsig_general.o(.text)
    __rt_SIGRTMEM                            0x08001621   Thumb Code    14  defsig_rtmem_outer.o(.text)
    _ttywrch                                 0x0800162f   Thumb Code    14  sys_wrch.o(.text)
    __I$use$semihosting                      0x0800163d   Thumb Code     0  use_no_semi.o(.text)
    __use_no_semihosting_swi                 0x0800163d   Thumb Code     2  use_no_semi.o(.text)
    __aeabi_llsl                             0x0800163f   Thumb Code     0  llshl.o(.text)
    __semihosting_library_function           0x0800163f   Thumb Code     0  indicate_semi.o(.text)
    _ll_shift_l                              0x0800163f   Thumb Code    38  llshl.o(.text)
    _chval                                   0x08001665   Thumb Code    28  _chval.o(.text)
    __rt_SIGRTMEM_inner                      0x08001681   Thumb Code    22  defsig_rtmem_inner.o(.text)
    __btod_div_common                        0x080016d1   Thumb Code   696  btod.o(CL$$btod_div_common)
    _e2d                                     0x08001a09   Thumb Code   122  btod.o(CL$$btod_e2d)
    _e2e                                     0x08001a8d   Thumb Code   220  btod.o(CL$$btod_e2e)
    _btod_ediv                               0x08001b69   Thumb Code    42  btod.o(CL$$btod_ediv)
    _btod_edivd                              0x08001b93   Thumb Code    42  btod.o(CL$$btod_edivd)
    _btod_emul                               0x08001bbd   Thumb Code    42  btod.o(CL$$btod_emul)
    _btod_emuld                              0x08001be7   Thumb Code    42  btod.o(CL$$btod_emuld)
    __btod_mult_common                       0x08001c11   Thumb Code   580  btod.o(CL$$btod_mult_common)
    AFL                                      0x08001e55   Thumb Code    28  step_motor.o(i.AFL)
    AHL                                      0x08001e75   Thumb Code    40  step_motor.o(i.AHL)
    ALH                                      0x08001ea1   Thumb Code    48  step_motor.o(i.ALH)
    BFL                                      0x08001ed5   Thumb Code    28  step_motor.o(i.BFL)
    BHL                                      0x08001ef5   Thumb Code    40  step_motor.o(i.BHL)
    BLH                                      0x08001f21   Thumb Code    48  step_motor.o(i.BLH)
    BusFault_Handler                         0x08001f55   Thumb Code     2  stm32f1xx_it.o(i.BusFault_Handler)
    Command_clear                            0x08001f59   Thumb Code    20  main.o(i.Command_clear)
    Command_read                             0x08001f75   Thumb Code   676  main.o(i.Command_read)
    DebugMon_Handler                         0x08002241   Thumb Code     2  stm32f1xx_it.o(i.DebugMon_Handler)
    HAL_Delay                                0x08002245   Thumb Code    32  stm32f1xx_hal.o(i.HAL_Delay)
    HAL_GPIO_Init                            0x08002269   Thumb Code   446  stm32f1xx_hal_gpio.o(i.HAL_GPIO_Init)
    HAL_GPIO_WritePin                        0x08002449   Thumb Code    10  stm32f1xx_hal_gpio.o(i.HAL_GPIO_WritePin)
    HAL_GetTick                              0x08002455   Thumb Code     6  stm32f1xx_hal.o(i.HAL_GetTick)
    HAL_IncTick                              0x08002461   Thumb Code    12  stm32f1xx_hal.o(i.HAL_IncTick)
    HAL_Init                                 0x08002471   Thumb Code    32  stm32f1xx_hal.o(i.HAL_Init)
    HAL_InitTick                             0x08002495   Thumb Code    54  stm32f1xx_hal.o(i.HAL_InitTick)
    HAL_MspInit                              0x080024d5   Thumb Code    52  stm32f1xx_hal_msp.o(i.HAL_MspInit)
    HAL_NVIC_EnableIRQ                       0x08002511   Thumb Code    26  stm32f1xx_hal_cortex.o(i.HAL_NVIC_EnableIRQ)
    HAL_NVIC_SetPriority                     0x0800252d   Thumb Code    60  stm32f1xx_hal_cortex.o(i.HAL_NVIC_SetPriority)
    HAL_NVIC_SetPriorityGrouping             0x0800256d   Thumb Code    26  stm32f1xx_hal_cortex.o(i.HAL_NVIC_SetPriorityGrouping)
    HAL_RCC_ClockConfig                      0x08002591   Thumb Code   280  stm32f1xx_hal_rcc.o(i.HAL_RCC_ClockConfig)
    HAL_RCC_GetPCLK1Freq                     0x080026bd   Thumb Code    20  stm32f1xx_hal_rcc.o(i.HAL_RCC_GetPCLK1Freq)
    HAL_RCC_GetPCLK2Freq                     0x080026dd   Thumb Code    20  stm32f1xx_hal_rcc.o(i.HAL_RCC_GetPCLK2Freq)
    HAL_RCC_GetSysClockFreq                  0x080026fd   Thumb Code    58  stm32f1xx_hal_rcc.o(i.HAL_RCC_GetSysClockFreq)
    HAL_RCC_OscConfig                        0x08002749   Thumb Code   778  stm32f1xx_hal_rcc.o(i.HAL_RCC_OscConfig)
    HAL_SYSTICK_Config                       0x08002a69   Thumb Code    40  stm32f1xx_hal_cortex.o(i.HAL_SYSTICK_Config)
    HAL_TIMEx_ConfigBreakDeadTime            0x08002a91   Thumb Code    84  stm32f1xx_hal_tim_ex.o(i.HAL_TIMEx_ConfigBreakDeadTime)
    HAL_TIMEx_MasterConfigSynchronization    0x08002ae5   Thumb Code    92  stm32f1xx_hal_tim_ex.o(i.HAL_TIMEx_MasterConfigSynchronization)
    HAL_TIM_Base_Init                        0x08002b4d   Thumb Code    90  stm32f1xx_hal_tim.o(i.HAL_TIM_Base_Init)
    HAL_TIM_Base_MspInit                     0x08002ba9   Thumb Code   122  stm32f1xx_hal_msp.o(i.HAL_TIM_Base_MspInit)
    HAL_TIM_ConfigClockSource                0x08002c31   Thumb Code   220  stm32f1xx_hal_tim.o(i.HAL_TIM_ConfigClockSource)
    HAL_TIM_MspPostInit                      0x08002d0d   Thumb Code    90  stm32f1xx_hal_msp.o(i.HAL_TIM_MspPostInit)
    HAL_TIM_PWM_ConfigChannel                0x08002d75   Thumb Code   204  stm32f1xx_hal_tim.o(i.HAL_TIM_PWM_ConfigChannel)
    HAL_TIM_PWM_Init                         0x08002e41   Thumb Code    90  stm32f1xx_hal_tim.o(i.HAL_TIM_PWM_Init)
    HAL_TIM_PWM_MspInit                      0x08002e9d   Thumb Code    30  stm32f1xx_hal_msp.o(i.HAL_TIM_PWM_MspInit)
    HAL_UART_Init                            0x08002ec5   Thumb Code   100  stm32f1xx_hal_uart.o(i.HAL_UART_Init)
    HAL_UART_MspInit                         0x08002f29   Thumb Code   128  stm32f1xx_hal_msp.o(i.HAL_UART_MspInit)
    HAL_UART_Transmit                        0x08002fb9   Thumb Code   154  stm32f1xx_hal_uart.o(i.HAL_UART_Transmit)
    HardFault_Handler                        0x08003053   Thumb Code     2  stm32f1xx_it.o(i.HardFault_Handler)
    MemManage_Handler                        0x080032f1   Thumb Code     2  stm32f1xx_it.o(i.MemManage_Handler)
    NMI_Handler                              0x080032f3   Thumb Code     2  stm32f1xx_it.o(i.NMI_Handler)
    PWM_Disable                              0x080032f5   Thumb Code    92  my_pwm.o(i.PWM_Disable)
    PWM_Enable                               0x08003351   Thumb Code    92  my_pwm.o(i.PWM_Enable)
    PWM_SetDuty                              0x080033ad   Thumb Code    30  my_pwm.o(i.PWM_SetDuty)
    PWM_SetFrequency                         0x080033cd   Thumb Code    30  my_pwm.o(i.PWM_SetFrequency)
    Params_clear                             0x080033f5   Thumb Code    34  main.o(i.Params_clear)
    PendSV_Handler                           0x0800341d   Thumb Code     2  stm32f1xx_it.o(i.PendSV_Handler)
    SVC_Handler                              0x0800341f   Thumb Code     2  stm32f1xx_it.o(i.SVC_Handler)
    SysTick_Handler                          0x08003421   Thumb Code     4  stm32f1xx_it.o(i.SysTick_Handler)
    SystemClock_Config                       0x08003425   Thumb Code    94  main.o(i.SystemClock_Config)
    SystemInit                               0x08003483   Thumb Code     2  system_stm32f1xx.o(i.SystemInit)
    TIM2_IRQHandler                          0x08003485   Thumb Code     2  stm32f1xx_it.o(i.TIM2_IRQHandler)
    TIM3_IRQHandler                          0x08003489   Thumb Code    24  stm32f1xx_it.o(i.TIM3_IRQHandler)
    TIM4_IRQHandler                          0x080034a9   Thumb Code    24  stm32f1xx_it.o(i.TIM4_IRQHandler)
    TIM_Base_SetConfig                       0x080034c9   Thumb Code    94  stm32f1xx_hal_tim.o(i.TIM_Base_SetConfig)
    TIM_ETR_SetConfig                        0x08003535   Thumb Code    20  stm32f1xx_hal_tim.o(i.TIM_ETR_SetConfig)
    TIM_OC2_SetConfig                        0x080035a9   Thumb Code    84  stm32f1xx_hal_tim.o(i.TIM_OC2_SetConfig)
    UART_Init                                0x080036e5   Thumb Code    24  my_uart.o(i.UART_Init)
    UART_ReceiveFunctionCallBack             0x08003701   Thumb Code    34  main.o(i.UART_ReceiveFunctionCallBack)
    UART_SendByte                            0x0800372d   Thumb Code    14  my_uart.o(i.UART_SendByte)
    UART_WaitUntilTxEmpty                    0x0800386d   Thumb Code    34  my_uart.o(i.UART_WaitUntilTxEmpty)
    USART1_IRQHandler                        0x08003895   Thumb Code    36  stm32f1xx_it.o(i.USART1_IRQHandler)
    UsageFault_Handler                       0x080038c1   Thumb Code     2  stm32f1xx_it.o(i.UsageFault_Handler)
    __ARM_fpclassify                         0x080038c3   Thumb Code    40  fpclassify.o(i.__ARM_fpclassify)
    __ieee754_rem_pio2                       0x0800390d   Thumb Code   828  rred.o(i.__ieee754_rem_pio2)
    __kernel_cos                             0x08003c95   Thumb Code   230  cos_i.o(i.__kernel_cos)
    __kernel_poly                            0x08003d91   Thumb Code   170  poly.o(i.__kernel_poly)
    __kernel_sin                             0x08003e3d   Thumb Code   224  sin_i.o(i.__kernel_sin)
    __mathlib_dbl_infnan                     0x08003f29   Thumb Code     6  dunder.o(i.__mathlib_dbl_infnan)
    __mathlib_dbl_invalid                    0x08003f2f   Thumb Code    12  dunder.o(i.__mathlib_dbl_invalid)
    __mathlib_dbl_overflow                   0x08003f3b   Thumb Code    14  dunder.o(i.__mathlib_dbl_overflow)
    __mathlib_dbl_underflow                  0x08003f49   Thumb Code    10  dunder.o(i.__mathlib_dbl_underflow)
    __mathlib_narrow                         0x08003f59   Thumb Code    16  narrow.o(i.__mathlib_narrow)
    __mathlib_tofloat                        0x08003f69   Thumb Code   184  narrow.o(i.__mathlib_tofloat)
    __support_ldexp                          0x08004025   Thumb Code    22  ldexp.o(i.__support_ldexp)
    _is_digit                                0x0800403b   Thumb Code    14  scanf_fp.o(i._is_digit)
    _sys_close                               0x08004049   Thumb Code    24  retarget_io.o(i._sys_close)
    _sys_flen                                0x08004061   Thumb Code    12  retarget_io.o(i._sys_flen)
    _sys_istty                               0x0800406d   Thumb Code    24  retarget_io.o(i._sys_istty)
    _sys_open                                0x08004085   Thumb Code    68  retarget_io.o(i._sys_open)
    _sys_seek                                0x080040e1   Thumb Code     6  retarget_io.o(i._sys_seek)
    _sys_write                               0x080040e7   Thumb Code    34  retarget_io.o(i._sys_write)
    atof                                     0x08004109   Thumb Code    42  atof.o(i.atof)
    cos                                      0x08004135   Thumb Code   148  cos.o(i.cos)
    extrac_param                             0x080041d1   Thumb Code    68  main.o(i.extrac_param)
    fputc                                    0x0800421d   Thumb Code    16  my_uart.o(i.fputc)
    frexp                                    0x08004231   Thumb Code    80  frexp.o(i.frexp)
    ldexp                                    0x08004289   Thumb Code   116  ldexp.o(i.ldexp)
    main                                     0x080042fd   Thumb Code   102  main.o(i.main)
    servo_init                               0x08004385   Thumb Code    60  servo.o(i.servo_init)
    servo_pen_press                          0x080043d1   Thumb Code    52  servo.o(i.servo_pen_press)
    servo_pen_release                        0x0800440d   Thumb Code    52  servo.o(i.servo_pen_release)
    servo_rotate                             0x08004449   Thumb Code    58  servo.o(i.servo_rotate)
    sin                                      0x08004495   Thumb Code   150  sin.o(i.sin)
    stepmotor_decrease_step                  0x08004535   Thumb Code    24  step_motor.o(i.stepmotor_decrease_step)
    stepmotor_increase_step                  0x0800454d   Thumb Code    26  step_motor.o(i.stepmotor_increase_step)
    stepmotor_init                           0x08004569   Thumb Code   406  step_motor.o(i.stepmotor_init)
    stepmotor_move_xy                        0x08004729   Thumb Code   256  step_motor.o(i.stepmotor_move_xy)
    stepmotor_set_step                       0x0800483d   Thumb Code   114  step_motor.o(i.stepmotor_set_step)
    stepmotor_set_step_num                   0x080048b5   Thumb Code    40  step_motor.o(i.stepmotor_set_step_num)
    stepmotor_set_step_time                  0x080048dd   Thumb Code    32  step_motor.o(i.stepmotor_set_step_time)
    stepmotor_step_handle_it_update          0x08004905   Thumb Code    46  step_motor.o(i.stepmotor_step_handle_it_update)
    stepmotor_step_start_it                  0x08004933   Thumb Code    34  step_motor.o(i.stepmotor_step_start_it)
    stepmotor_step_stop_it                   0x08004955   Thumb Code    28  step_motor.o(i.stepmotor_step_stop_it)
    stepmotor_stop                           0x08004971   Thumb Code    18  step_motor.o(i.stepmotor_stop)
    _get_lc_numeric                          0x08004985   Thumb Code    44  lc_numeric_c.o(locale$$code)
    _get_lc_ctype                            0x080049b1   Thumb Code    44  lc_ctype_c.o(locale$$code)
    __aeabi_d2f                              0x080049dd   Thumb Code     0  d2f.o(x$fpl$d2f)
    _d2f                                     0x080049dd   Thumb Code    98  d2f.o(x$fpl$d2f)
    __aeabi_dadd                             0x08004a41   Thumb Code     0  daddsub_clz.o(x$fpl$dadd)
    _dadd                                    0x08004a41   Thumb Code   332  daddsub_clz.o(x$fpl$dadd)
    __fpl_dcheck_NaN1                        0x08004b91   Thumb Code    10  dcheck1.o(x$fpl$dcheck1)
    __fpl_dcmp_Inf                           0x08004ba1   Thumb Code    24  dcmpi.o(x$fpl$dcmpinf)
    __aeabi_ddiv                             0x08004bb9   Thumb Code     0  ddiv.o(x$fpl$ddiv)
    _ddiv                                    0x08004bb9   Thumb Code   552  ddiv.o(x$fpl$ddiv)
    __aeabi_cdcmpeq                          0x08004e69   Thumb Code     0  deqf.o(x$fpl$deqf)
    _dcmpeq                                  0x08004e69   Thumb Code   120  deqf.o(x$fpl$deqf)
    __aeabi_d2iz                             0x08004ee1   Thumb Code     0  dfix.o(x$fpl$dfix)
    _dfix                                    0x08004ee1   Thumb Code    94  dfix.o(x$fpl$dfix)
    __aeabi_i2d                              0x08004f3f   Thumb Code     0  dflt_clz.o(x$fpl$dflt)
    _dflt                                    0x08004f3f   Thumb Code    46  dflt_clz.o(x$fpl$dflt)
    __aeabi_ui2d                             0x08004f6d   Thumb Code     0  dflt_clz.o(x$fpl$dfltu)
    _dfltu                                   0x08004f6d   Thumb Code    38  dflt_clz.o(x$fpl$dfltu)
    __aeabi_cdcmple                          0x08004f95   Thumb Code     0  dleqf.o(x$fpl$dleqf)
    _dcmple                                  0x08004f95   Thumb Code   120  dleqf.o(x$fpl$dleqf)
    __fpl_dcmple_InfNaN                      0x08004ff7   Thumb Code     0  dleqf.o(x$fpl$dleqf)
    __aeabi_dmul                             0x0800500d   Thumb Code     0  dmul.o(x$fpl$dmul)
    _dmul                                    0x0800500d   Thumb Code   332  dmul.o(x$fpl$dmul)
    __fpl_dnaninf                            0x08005161   Thumb Code   156  dnaninf.o(x$fpl$dnaninf)
    __fpl_dretinf                            0x080051fd   Thumb Code    12  dretinf.o(x$fpl$dretinf)
    __aeabi_cdrcmple                         0x08005209   Thumb Code     0  drleqf.o(x$fpl$drleqf)
    _drcmple                                 0x08005209   Thumb Code   108  drleqf.o(x$fpl$drleqf)
    __aeabi_drsub                            0x08005275   Thumb Code     0  daddsub_clz.o(x$fpl$drsb)
    _drsb                                    0x08005275   Thumb Code    22  daddsub_clz.o(x$fpl$drsb)
    __aeabi_dsub                             0x0800528d   Thumb Code     0  daddsub_clz.o(x$fpl$dsub)
    _dsub                                    0x0800528d   Thumb Code   464  daddsub_clz.o(x$fpl$dsub)
    __aeabi_f2d                              0x08005461   Thumb Code     0  f2d.o(x$fpl$f2d)
    _f2d                                     0x08005461   Thumb Code    86  f2d.o(x$fpl$f2d)
    __aeabi_fadd                             0x080054b9   Thumb Code     0  faddsub_clz.o(x$fpl$fadd)
    _fadd                                    0x080054b9   Thumb Code   196  faddsub_clz.o(x$fpl$fadd)
    __fpl_fcmp_Inf                           0x0800557d   Thumb Code    24  fcmpi.o(x$fpl$fcmpinf)
    __aeabi_fdiv                             0x08005595   Thumb Code     0  fdiv.o(x$fpl$fdiv)
    _fdiv                                    0x08005595   Thumb Code   384  fdiv.o(x$fpl$fdiv)
    __aeabi_f2iz                             0x08005719   Thumb Code     0  ffix.o(x$fpl$ffix)
    _ffix                                    0x08005719   Thumb Code    54  ffix.o(x$fpl$ffix)
    __aeabi_f2uiz                            0x08005751   Thumb Code     0  ffixu.o(x$fpl$ffixu)
    _ffixu                                   0x08005751   Thumb Code    62  ffixu.o(x$fpl$ffixu)
    __aeabi_i2f                              0x08005791   Thumb Code     0  fflt_clz.o(x$fpl$fflt)
    _fflt                                    0x08005791   Thumb Code    48  fflt_clz.o(x$fpl$fflt)
    __aeabi_cfcmple                          0x080057c1   Thumb Code     0  fleqf.o(x$fpl$fleqf)
    _fcmple                                  0x080057c1   Thumb Code   104  fleqf.o(x$fpl$fleqf)
    __fpl_fcmple_InfNaN                      0x08005813   Thumb Code     0  fleqf.o(x$fpl$fleqf)
    __aeabi_fmul                             0x08005829   Thumb Code     0  fmul.o(x$fpl$fmul)
    _fmul                                    0x08005829   Thumb Code   258  fmul.o(x$fpl$fmul)
    __fpl_fnaninf                            0x0800592b   Thumb Code   140  fnaninf.o(x$fpl$fnaninf)
    __fpl_fretinf                            0x080059b7   Thumb Code    10  fretinf.o(x$fpl$fretinf)
    __aeabi_fsub                             0x080059c1   Thumb Code     0  faddsub_clz.o(x$fpl$fsub)
    _fsub                                    0x080059c1   Thumb Code   234  faddsub_clz.o(x$fpl$fsub)
    __ieee_status                            0x08005aab   Thumb Code     6  istatus.o(x$fpl$ieeestatus)
    __fpl_return_NaN                         0x08005ab1   Thumb Code   100  retnan.o(x$fpl$retnan)
    __ARM_scalbn                             0x08005b15   Thumb Code    92  scalbn.o(x$fpl$scalbn)
    _scanf_real                              0x08005b71   Thumb Code     4  scanf1.o(x$fpl$scanf1)
    _scanf_hex_real                          0x08005b75   Thumb Code     4  scanf2.o(x$fpl$scanf2)
    _scanf_infnan                            0x08005b79   Thumb Code     4  scanf2.o(x$fpl$scanf2)
    __fpl_cmpreturn                          0x08005b7d   Thumb Code    48  trapv.o(x$fpl$trapveneer)
    __I$use$fp                               0x08005bac   Number         0  usenofp.o(x$fpl$usenofp)
    AHBPrescTable                            0x08005bbe   Data          16  system_stm32f1xx.o(.constdata)
    APBPrescTable                            0x08005bce   Data           8  system_stm32f1xx.o(.constdata)
    __stdin_name                             0x08005bd6   Data           7  retarget_io.o(.constdata)
    __stdout_name                            0x08005bdd   Data           8  retarget_io.o(.constdata)
    __stderr_name                            0x08005be5   Data           8  retarget_io.o(.constdata)
    Region$$Table$$Base                      0x08005da4   Number         0  anon$$obj.o(Region$$Table)
    Region$$Table$$Limit                     0x08005dc4   Number         0  anon$$obj.o(Region$$Table)
    __aeabi_HUGE_VAL                         0x08005dc4   Data           0  fpconst.o(c$$dinf)
    __aeabi_HUGE_VALL                        0x08005dc4   Data           0  fpconst.o(c$$dinf)
    __aeabi_INFINITY                         0x08005dc4   Data           0  fpconst.o(c$$dinf)
    __dInf                                   0x08005dc4   Data           0  fpconst.o(c$$dinf)
    __huge_val                               0x08005dc4   Data           0  fpconst.o(c$$dinf)
    __dbl_max                                0x08005dcc   Data           0  fpconst.o(c$$dmax)
    __ctype                                  0x08005dfd   Data           0  lc_ctype_c.o(locale$$data)
    step_interval                            0x20000000   Data           4  step_motor.o(.data)
    write_index                              0x20000004   Data           1  main.o(.data)
    cmd_ready                                0x20000005   Data           1  main.o(.data)
    uwTickFreq                               0x20000008   Data           1  stm32f1xx_hal.o(.data)
    uwTickPrio                               0x2000000c   Data           4  stm32f1xx_hal.o(.data)
    uwTick                                   0x20000010   Data           4  stm32f1xx_hal.o(.data)
    SystemCoreClock                          0x20000014   Data           4  system_stm32f1xx.o(.data)
    __aeabi_stdin                            0x20000018   Data           4  stdio_streams.o(.data)
    __aeabi_stdout                           0x2000001c   Data           4  stdio_streams.o(.data)
    __aeabi_stderr                           0x20000020   Data           4  stdio_streams.o(.data)
    stepmotor1                               0x20000024   Data          52  step_motor.o(.bss)
    stepmotor2                               0x20000058   Data          52  step_motor.o(.bss)
    sinValue                                 0x2000008c   Data         128  step_motor.o(.bss)
    cosValue                                 0x2000010c   Data         128  step_motor.o(.bss)
    servo                                    0x2000018c   Data          16  servo.o(.bss)
    htim1                                    0x2000019c   Data          72  main.o(.bss)
    htim2                                    0x200001e4   Data          72  main.o(.bss)
    htim3                                    0x2000022c   Data          72  main.o(.bss)
    htim4                                    0x20000274   Data          72  main.o(.bss)
    huart1                                   0x200002bc   Data          72  main.o(.bss)
    cmd                                      0x20000304   Data          64  main.o(.bss)
    param_str                                0x20000344   Data         100  main.o(.bss)
    __stdin                                  0x200003a8   Data          84  stdio_streams.o(.bss)
    __stdout                                 0x200003fc   Data          84  stdio_streams.o(.bss)
    __stderr                                 0x20000450   Data          84  stdio_streams.o(.bss)
    __libspace_start                         0x200004a4   Data          96  libspace.o(.bss)
    __temporary_stack_top$libspace           0x20000504   Data           0  libspace.o(.bss)



==============================================================================

Memory Map of the image

  Image Entry point : 0x080000ed

  Load Region LR_IROM1 (Base: 0x08000000, Size: 0x00005f24, Max: 0x00010000, ABSOLUTE)

    Execution Region ER_IROM1 (Exec base: 0x08000000, Load base: 0x08000000, Size: 0x00005f00, Max: 0x00010000, ABSOLUTE)

    Exec Addr    Load Addr    Size         Type   Attr      Idx    E Section Name        Object

    0x08000000   0x08000000   0x000000ec   Data   RO            3    RESET               startup_stm32f103xb.o
    0x080000ec   0x080000ec   0x00000008   Code   RO         3138  * !!!main             c_w.l(__main.o)
    0x080000f4   0x080000f4   0x00000034   Code   RO         3679    !!!scatter          c_w.l(__scatter.o)
    0x08000128   0x08000128   0x0000001a   Code   RO         3681    !!handler_copy      c_w.l(__scatter_copy.o)
    0x08000142   0x08000142   0x00000002   PAD
    0x08000144   0x08000144   0x0000001c   Code   RO         3683    !!handler_zi        c_w.l(__scatter_zi.o)
    0x08000160   0x08000160   0x00000002   Code   RO         3404    .ARM.Collect$$libinit$$00000000  c_w.l(libinit.o)
    0x08000162   0x08000162   0x00000000   Code   RO         3406    .ARM.Collect$$libinit$$00000002  c_w.l(libinit2.o)
    0x08000162   0x08000162   0x00000000   Code   RO         3408    .ARM.Collect$$libinit$$00000004  c_w.l(libinit2.o)
    0x08000162   0x08000162   0x00000008   Code   RO         3409    .ARM.Collect$$libinit$$00000005  c_w.l(libinit2.o)
    0x0800016a   0x0800016a   0x00000000   Code   RO         3411    .ARM.Collect$$libinit$$0000000A  c_w.l(libinit2.o)
    0x0800016a   0x0800016a   0x00000000   Code   RO         3413    .ARM.Collect$$libinit$$0000000C  c_w.l(libinit2.o)
    0x0800016a   0x0800016a   0x00000000   Code   RO         3415    .ARM.Collect$$libinit$$0000000E  c_w.l(libinit2.o)
    0x0800016a   0x0800016a   0x00000006   Code   RO         3416    .ARM.Collect$$libinit$$0000000F  c_w.l(libinit2.o)
    0x08000170   0x08000170   0x00000000   Code   RO         3418    .ARM.Collect$$libinit$$00000011  c_w.l(libinit2.o)
    0x08000170   0x08000170   0x0000000c   Code   RO         3419    .ARM.Collect$$libinit$$00000012  c_w.l(libinit2.o)
    0x0800017c   0x0800017c   0x00000000   Code   RO         3420    .ARM.Collect$$libinit$$00000013  c_w.l(libinit2.o)
    0x0800017c   0x0800017c   0x00000000   Code   RO         3422    .ARM.Collect$$libinit$$00000015  c_w.l(libinit2.o)
    0x0800017c   0x0800017c   0x0000000a   Code   RO         3423    .ARM.Collect$$libinit$$00000016  c_w.l(libinit2.o)
    0x08000186   0x08000186   0x00000000   Code   RO         3424    .ARM.Collect$$libinit$$00000017  c_w.l(libinit2.o)
    0x08000186   0x08000186   0x00000000   Code   RO         3426    .ARM.Collect$$libinit$$00000019  c_w.l(libinit2.o)
    0x08000186   0x08000186   0x00000000   Code   RO         3428    .ARM.Collect$$libinit$$0000001B  c_w.l(libinit2.o)
    0x08000186   0x08000186   0x00000000   Code   RO         3430    .ARM.Collect$$libinit$$0000001D  c_w.l(libinit2.o)
    0x08000186   0x08000186   0x00000000   Code   RO         3432    .ARM.Collect$$libinit$$0000001F  c_w.l(libinit2.o)
    0x08000186   0x08000186   0x00000000   Code   RO         3434    .ARM.Collect$$libinit$$00000021  c_w.l(libinit2.o)
    0x08000186   0x08000186   0x00000000   Code   RO         3436    .ARM.Collect$$libinit$$00000023  c_w.l(libinit2.o)
    0x08000186   0x08000186   0x00000004   Code   RO         3437    .ARM.Collect$$libinit$$00000024  c_w.l(libinit2.o)
    0x0800018a   0x0800018a   0x00000000   Code   RO         3438    .ARM.Collect$$libinit$$00000025  c_w.l(libinit2.o)
    0x0800018a   0x0800018a   0x00000000   Code   RO         3442    .ARM.Collect$$libinit$$0000002C  c_w.l(libinit2.o)
    0x0800018a   0x0800018a   0x00000000   Code   RO         3444    .ARM.Collect$$libinit$$0000002E  c_w.l(libinit2.o)
    0x0800018a   0x0800018a   0x00000000   Code   RO         3446    .ARM.Collect$$libinit$$00000030  c_w.l(libinit2.o)
    0x0800018a   0x0800018a   0x00000000   Code   RO         3448    .ARM.Collect$$libinit$$00000032  c_w.l(libinit2.o)
    0x0800018a   0x0800018a   0x00000002   Code   RO         3449    .ARM.Collect$$libinit$$00000033  c_w.l(libinit2.o)
    0x0800018c   0x0800018c   0x00000002   Code   RO         3641    .ARM.Collect$$libshutdown$$00000000  c_w.l(libshutdown.o)
    0x0800018e   0x0800018e   0x00000000   Code   RO         3451    .ARM.Collect$$libshutdown$$00000002  c_w.l(libshutdown2.o)
    0x0800018e   0x0800018e   0x00000000   Code   RO         3453    .ARM.Collect$$libshutdown$$00000004  c_w.l(libshutdown2.o)
    0x0800018e   0x0800018e   0x00000004   Code   RO         3454    .ARM.Collect$$libshutdown$$00000005  c_w.l(libshutdown2.o)
    0x08000192   0x08000192   0x00000000   Code   RO         3455    .ARM.Collect$$libshutdown$$00000006  c_w.l(libshutdown2.o)
    0x08000192   0x08000192   0x00000000   Code   RO         3458    .ARM.Collect$$libshutdown$$00000009  c_w.l(libshutdown2.o)
    0x08000192   0x08000192   0x00000000   Code   RO         3461    .ARM.Collect$$libshutdown$$0000000C  c_w.l(libshutdown2.o)
    0x08000192   0x08000192   0x00000000   Code   RO         3463    .ARM.Collect$$libshutdown$$0000000E  c_w.l(libshutdown2.o)
    0x08000192   0x08000192   0x00000000   Code   RO         3466    .ARM.Collect$$libshutdown$$00000011  c_w.l(libshutdown2.o)
    0x08000192   0x08000192   0x00000002   Code   RO         3467    .ARM.Collect$$libshutdown$$00000012  c_w.l(libshutdown2.o)
    0x08000194   0x08000194   0x00000000   Code   RO         3214    .ARM.Collect$$rtentry$$00000000  c_w.l(__rtentry.o)
    0x08000194   0x08000194   0x00000000   Code   RO         3267    .ARM.Collect$$rtentry$$00000002  c_w.l(__rtentry2.o)
    0x08000194   0x08000194   0x00000006   Code   RO         3279    .ARM.Collect$$rtentry$$00000004  c_w.l(__rtentry4.o)
    0x0800019a   0x0800019a   0x00000000   Code   RO         3269    .ARM.Collect$$rtentry$$00000009  c_w.l(__rtentry2.o)
    0x0800019a   0x0800019a   0x00000004   Code   RO         3270    .ARM.Collect$$rtentry$$0000000A  c_w.l(__rtentry2.o)
    0x0800019e   0x0800019e   0x00000000   Code   RO         3272    .ARM.Collect$$rtentry$$0000000C  c_w.l(__rtentry2.o)
    0x0800019e   0x0800019e   0x00000008   Code   RO         3273    .ARM.Collect$$rtentry$$0000000D  c_w.l(__rtentry2.o)
    0x080001a6   0x080001a6   0x00000002   Code   RO         3470    .ARM.Collect$$rtexit$$00000000  c_w.l(rtexit.o)
    0x080001a8   0x080001a8   0x00000000   Code   RO         3571    .ARM.Collect$$rtexit$$00000002  c_w.l(rtexit2.o)
    0x080001a8   0x080001a8   0x00000004   Code   RO         3572    .ARM.Collect$$rtexit$$00000003  c_w.l(rtexit2.o)
    0x080001ac   0x080001ac   0x00000006   Code   RO         3573    .ARM.Collect$$rtexit$$00000004  c_w.l(rtexit2.o)
    0x080001b2   0x080001b2   0x00000002   PAD
    0x080001b4   0x080001b4   0x00000000   Code   RO         3577    .emb_text           c_w.l(maybetermalloc1.o)
    0x080001b4   0x080001b4   0x00000040   Code   RO            4    .text               startup_stm32f103xb.o
    0x080001f4   0x080001f4   0x00000018   Code   RO         3130    .text               c_w.l(noretval__2printf.o)
    0x0800020c   0x0800020c   0x0000004e   Code   RO         3132    .text               c_w.l(rt_memclr_w.o)
    0x0800025a   0x0800025a   0x00000002   PAD
    0x0800025c   0x0800025c   0x00000080   Code   RO         3134    .text               c_w.l(strcmpv7m.o)
    0x080002dc   0x080002dc   0x00000006   Code   RO         3136    .text               c_w.l(heapauxi.o)
    0x080002e2   0x080002e2   0x00000016   Code   RO         3215    .text               c_w.l(_rserrno.o)
    0x080002f8   0x080002f8   0x00000024   Code   RO         3217    .text               c_w.l(_printf_char_file.o)
    0x0800031c   0x0800031c   0x000000a4   Code   RO         3219    .text               c_w.l(strtod.o)
    0x080003c0   0x080003c0   0x00000008   Code   RO         3284    .text               c_w.l(rt_errno_addr_intlibspace.o)
    0x080003c8   0x080003c8   0x00000012   Code   RO         3286    .text               c_w.l(isspace.o)
    0x080003da   0x080003da   0x00000002   PAD
    0x080003dc   0x080003dc   0x00000030   Code   RO         3288    .text               c_w.l(_printf_char_common.o)
    0x0800040c   0x0800040c   0x00000040   Code   RO         3290    .text               c_w.l(_sgetc.o)
    0x0800044c   0x0800044c   0x00000008   Code   RO         3292    .text               c_w.l(ferror.o)
    0x08000454   0x08000454   0x00000138   Code   RO         3294    .text               c_w.l(initio.o)
    0x0800058c   0x0800058c   0x00000008   Code   RO         3311    .text               c_w.l(libspace.o)
    0x08000594   0x08000594   0x0000004a   Code   RO         3316    .text               c_w.l(sys_stackheap_outer.o)
    0x080005de   0x080005de   0x00000002   PAD
    0x080005e0   0x080005e0   0x00000010   Code   RO         3318    .text               c_w.l(rt_ctype_table.o)
    0x080005f0   0x080005f0   0x0000004e   Code   RO         3322    .text               c_w.l(h1_free.o)
    0x0800063e   0x0800063e   0x00000028   Code   RO         3376    .text               c_w.l(__printf_nopercent.o)
    0x08000666   0x08000666   0x00000002   PAD
    0x08000668   0x08000668   0x000004f8   Code   RO         3378    .text               c_w.l(scanf_fp.o)
    0x08000b60   0x08000b60   0x00000046   Code   RO         3382    .text               c_w.l(setvbuf.o)
    0x08000ba6   0x08000ba6   0x00000002   PAD
    0x08000ba8   0x08000ba8   0x000000ec   Code   RO         3385    .text               c_w.l(fopen.o)
    0x08000c94   0x08000c94   0x0000004c   Code   RO         3387    .text               c_w.l(fclose.o)
    0x08000ce0   0x08000ce0   0x00000012   Code   RO         3393    .text               c_w.l(exit.o)
    0x08000cf2   0x08000cf2   0x0000000e   Code   RO         3395    .text               c_w.l(defsig_rtred_outer.o)
    0x08000d00   0x08000d00   0x00000008   Code   RO         3477    .text               c_w.l(rt_heap_descriptor_intlibspace.o)
    0x08000d08   0x08000d08   0x00000008   Code   RO         3482    .text               c_w.l(rt_locale_intlibspace.o)
    0x08000d10   0x08000d10   0x00000004   Code   RO         3484    .text               c_w.l(hguard.o)
    0x08000d14   0x08000d14   0x0000008a   Code   RO         3486    .text               c_w.l(init_alloc.o)
    0x08000d9e   0x08000d9e   0x0000005e   Code   RO         3492    .text               c_w.l(h1_alloc.o)
    0x08000dfc   0x08000dfc   0x000000e4   Code   RO         3506    .text               c_w.l(bigflt0.o)
    0x08000ee0   0x08000ee0   0x000000f8   Code   RO         3531    .text               c_w.l(fseek.o)
    0x08000fd8   0x08000fd8   0x000000f0   Code   RO         3533    .text               c_w.l(stdio.o)
    0x080010c8   0x080010c8   0x0000000a   Code   RO         3538    .text               c_w.l(defsig_exit.o)
    0x080010d2   0x080010d2   0x00000002   PAD
    0x080010d4   0x080010d4   0x00000034   Code   RO         3540    .text               c_w.l(defsig_rtred_inner.o)
    0x08001108   0x08001108   0x0000000c   Code   RO         3568    .text               c_w.l(sys_exit.o)
    0x08001114   0x08001114   0x0000000e   Code   RO         3579    .text               c_w.l(h1_init.o)
    0x08001122   0x08001122   0x00000034   Code   RO         3581    .text               c_w.l(h1_extend.o)
    0x08001156   0x08001156   0x00000002   PAD
    0x08001158   0x08001158   0x00000320   Code   RO         3587    .text               c_w.l(scanf_hexfp.o)
    0x08001478   0x08001478   0x00000134   Code   RO         3589    .text               c_w.l(scanf_infnan.o)
    0x080015ac   0x080015ac   0x00000042   Code   RO         3591    .text               c_w.l(ftell.o)
    0x080015ee   0x080015ee   0x00000032   Code   RO         3595    .text               c_w.l(defsig_general.o)
    0x08001620   0x08001620   0x0000000e   Code   RO         3597    .text               c_w.l(defsig_rtmem_outer.o)
    0x0800162e   0x0800162e   0x0000000e   Code   RO         3620    .text               c_w.l(sys_wrch.o)
    0x0800163c   0x0800163c   0x00000002   Code   RO         3624    .text               c_w.l(use_no_semi.o)
    0x0800163e   0x0800163e   0x00000000   Code   RO         3626    .text               c_w.l(indicate_semi.o)
    0x0800163e   0x0800163e   0x00000026   Code   RO         3631    .text               c_w.l(llshl.o)
    0x08001664   0x08001664   0x0000001c   Code   RO         3633    .text               c_w.l(_chval.o)
    0x08001680   0x08001680   0x00000050   Code   RO         3635    .text               c_w.l(defsig_rtmem_inner.o)
    0x080016d0   0x080016d0   0x00000338   Code   RO         3519    CL$$btod_div_common  c_w.l(btod.o)
    0x08001a08   0x08001a08   0x00000084   Code   RO         3517    CL$$btod_e2d        c_w.l(btod.o)
    0x08001a8c   0x08001a8c   0x000000dc   Code   RO         3516    CL$$btod_e2e        c_w.l(btod.o)
    0x08001b68   0x08001b68   0x0000002a   Code   RO         3513    CL$$btod_ediv       c_w.l(btod.o)
    0x08001b92   0x08001b92   0x0000002a   Code   RO         3515    CL$$btod_edivd      c_w.l(btod.o)
    0x08001bbc   0x08001bbc   0x0000002a   Code   RO         3512    CL$$btod_emul       c_w.l(btod.o)
    0x08001be6   0x08001be6   0x0000002a   Code   RO         3514    CL$$btod_emuld      c_w.l(btod.o)
    0x08001c10   0x08001c10   0x00000244   Code   RO         3518    CL$$btod_mult_common  c_w.l(btod.o)
    0x08001e54   0x08001e54   0x00000020   Code   RO           13    i.AFL               step_motor.o
    0x08001e74   0x08001e74   0x0000002c   Code   RO           14    i.AHL               step_motor.o
    0x08001ea0   0x08001ea0   0x00000034   Code   RO           15    i.ALH               step_motor.o
    0x08001ed4   0x08001ed4   0x00000020   Code   RO           16    i.BFL               step_motor.o
    0x08001ef4   0x08001ef4   0x0000002c   Code   RO           17    i.BHL               step_motor.o
    0x08001f20   0x08001f20   0x00000034   Code   RO           18    i.BLH               step_motor.o
    0x08001f54   0x08001f54   0x00000002   Code   RO          460    i.BusFault_Handler  stm32f1xx_it.o
    0x08001f56   0x08001f56   0x00000002   PAD
    0x08001f58   0x08001f58   0x0000001c   Code   RO          345    i.Command_clear     main.o
    0x08001f74   0x08001f74   0x000002cc   Code   RO          346    i.Command_read      main.o
    0x08002240   0x08002240   0x00000002   Code   RO          461    i.DebugMon_Handler  stm32f1xx_it.o
    0x08002242   0x08002242   0x00000002   PAD
    0x08002244   0x08002244   0x00000024   Code   RO         1684    i.HAL_Delay         stm32f1xx_hal.o
    0x08002268   0x08002268   0x000001e0   Code   RO         1994    i.HAL_GPIO_Init     stm32f1xx_hal_gpio.o
    0x08002448   0x08002448   0x0000000a   Code   RO         1998    i.HAL_GPIO_WritePin  stm32f1xx_hal_gpio.o
    0x08002452   0x08002452   0x00000002   PAD
    0x08002454   0x08002454   0x0000000c   Code   RO         1688    i.HAL_GetTick       stm32f1xx_hal.o
    0x08002460   0x08002460   0x00000010   Code   RO         1694    i.HAL_IncTick       stm32f1xx_hal.o
    0x08002470   0x08002470   0x00000024   Code   RO         1695    i.HAL_Init          stm32f1xx_hal.o
    0x08002494   0x08002494   0x00000040   Code   RO         1696    i.HAL_InitTick      stm32f1xx_hal.o
    0x080024d4   0x080024d4   0x0000003c   Code   RO          560    i.HAL_MspInit       stm32f1xx_hal_msp.o
    0x08002510   0x08002510   0x0000001a   Code   RO         2154    i.HAL_NVIC_EnableIRQ  stm32f1xx_hal_cortex.o
    0x0800252a   0x0800252a   0x00000002   PAD
    0x0800252c   0x0800252c   0x00000040   Code   RO         2160    i.HAL_NVIC_SetPriority  stm32f1xx_hal_cortex.o
    0x0800256c   0x0800256c   0x00000024   Code   RO         2161    i.HAL_NVIC_SetPriorityGrouping  stm32f1xx_hal_cortex.o
    0x08002590   0x08002590   0x0000012c   Code   RO         1852    i.HAL_RCC_ClockConfig  stm32f1xx_hal_rcc.o
    0x080026bc   0x080026bc   0x00000020   Code   RO         1859    i.HAL_RCC_GetPCLK1Freq  stm32f1xx_hal_rcc.o
    0x080026dc   0x080026dc   0x00000020   Code   RO         1860    i.HAL_RCC_GetPCLK2Freq  stm32f1xx_hal_rcc.o
    0x080026fc   0x080026fc   0x0000004c   Code   RO         1861    i.HAL_RCC_GetSysClockFreq  stm32f1xx_hal_rcc.o
    0x08002748   0x08002748   0x00000320   Code   RO         1864    i.HAL_RCC_OscConfig  stm32f1xx_hal_rcc.o
    0x08002a68   0x08002a68   0x00000028   Code   RO         2165    i.HAL_SYSTICK_Config  stm32f1xx_hal_cortex.o
    0x08002a90   0x08002a90   0x00000054   Code   RO         1413    i.HAL_TIMEx_ConfigBreakDeadTime  stm32f1xx_hal_tim_ex.o
    0x08002ae4   0x08002ae4   0x00000068   Code   RO         1429    i.HAL_TIMEx_MasterConfigSynchronization  stm32f1xx_hal_tim_ex.o
    0x08002b4c   0x08002b4c   0x0000005a   Code   RO          706    i.HAL_TIM_Base_Init  stm32f1xx_hal_tim.o
    0x08002ba6   0x08002ba6   0x00000002   PAD
    0x08002ba8   0x08002ba8   0x00000088   Code   RO          562    i.HAL_TIM_Base_MspInit  stm32f1xx_hal_msp.o
    0x08002c30   0x08002c30   0x000000dc   Code   RO          715    i.HAL_TIM_ConfigClockSource  stm32f1xx_hal_tim.o
    0x08002d0c   0x08002d0c   0x00000068   Code   RO          563    i.HAL_TIM_MspPostInit  stm32f1xx_hal_msp.o
    0x08002d74   0x08002d74   0x000000cc   Code   RO          778    i.HAL_TIM_PWM_ConfigChannel  stm32f1xx_hal_tim.o
    0x08002e40   0x08002e40   0x0000005a   Code   RO          781    i.HAL_TIM_PWM_Init  stm32f1xx_hal_tim.o
    0x08002e9a   0x08002e9a   0x00000002   PAD
    0x08002e9c   0x08002e9c   0x00000028   Code   RO          565    i.HAL_TIM_PWM_MspInit  stm32f1xx_hal_msp.o
    0x08002ec4   0x08002ec4   0x00000064   Code   RO         2684    i.HAL_UART_Init     stm32f1xx_hal_uart.o
    0x08002f28   0x08002f28   0x00000090   Code   RO          567    i.HAL_UART_MspInit  stm32f1xx_hal_msp.o
    0x08002fb8   0x08002fb8   0x0000009a   Code   RO         2692    i.HAL_UART_Transmit  stm32f1xx_hal_uart.o
    0x08003052   0x08003052   0x00000002   Code   RO          462    i.HardFault_Handler  stm32f1xx_it.o
    0x08003054   0x08003054   0x00000070   Code   RO          348    i.MX_GPIO_Init      main.o
    0x080030c4   0x080030c4   0x000000d0   Code   RO          349    i.MX_TIM1_Init      main.o
    0x08003194   0x08003194   0x00000094   Code   RO          350    i.MX_TIM2_Init      main.o
    0x08003228   0x08003228   0x00000064   Code   RO          351    i.MX_TIM3_Init      main.o
    0x0800328c   0x0800328c   0x00000064   Code   RO          352    i.MX_TIM4_Init      main.o
    0x080032f0   0x080032f0   0x00000002   Code   RO          463    i.MemManage_Handler  stm32f1xx_it.o
    0x080032f2   0x080032f2   0x00000002   Code   RO          464    i.NMI_Handler       stm32f1xx_it.o
    0x080032f4   0x080032f4   0x0000005c   Code   RO          626    i.PWM_Disable       my_pwm.o
    0x08003350   0x08003350   0x0000005c   Code   RO          627    i.PWM_Enable        my_pwm.o
    0x080033ac   0x080033ac   0x0000001e   Code   RO          628    i.PWM_SetDuty       my_pwm.o
    0x080033ca   0x080033ca   0x00000002   PAD
    0x080033cc   0x080033cc   0x00000028   Code   RO          629    i.PWM_SetFrequency  my_pwm.o
    0x080033f4   0x080033f4   0x00000028   Code   RO          353    i.Params_clear      main.o
    0x0800341c   0x0800341c   0x00000002   Code   RO          465    i.PendSV_Handler    stm32f1xx_it.o
    0x0800341e   0x0800341e   0x00000002   Code   RO          466    i.SVC_Handler       stm32f1xx_it.o
    0x08003420   0x08003420   0x00000004   Code   RO          467    i.SysTick_Handler   stm32f1xx_it.o
    0x08003424   0x08003424   0x0000005e   Code   RO          354    i.SystemClock_Config  main.o
    0x08003482   0x08003482   0x00000002   Code   RO         3018    i.SystemInit        system_stm32f1xx.o
    0x08003484   0x08003484   0x00000002   Code   RO          468    i.TIM2_IRQHandler   stm32f1xx_it.o
    0x08003486   0x08003486   0x00000002   PAD
    0x08003488   0x08003488   0x00000020   Code   RO          469    i.TIM3_IRQHandler   stm32f1xx_it.o
    0x080034a8   0x080034a8   0x00000020   Code   RO          470    i.TIM4_IRQHandler   stm32f1xx_it.o
    0x080034c8   0x080034c8   0x0000006c   Code   RO          799    i.TIM_Base_SetConfig  stm32f1xx_hal_tim.o
    0x08003534   0x08003534   0x00000014   Code   RO          810    i.TIM_ETR_SetConfig  stm32f1xx_hal_tim.o
    0x08003548   0x08003548   0x00000010   Code   RO          811    i.TIM_ITRx_SetConfig  stm32f1xx_hal_tim.o
    0x08003558   0x08003558   0x00000050   Code   RO          812    i.TIM_OC1_SetConfig  stm32f1xx_hal_tim.o
    0x080035a8   0x080035a8   0x00000058   Code   RO          813    i.TIM_OC2_SetConfig  stm32f1xx_hal_tim.o
    0x08003600   0x08003600   0x00000058   Code   RO          814    i.TIM_OC3_SetConfig  stm32f1xx_hal_tim.o
    0x08003658   0x08003658   0x00000044   Code   RO          815    i.TIM_OC4_SetConfig  stm32f1xx_hal_tim.o
    0x0800369c   0x0800369c   0x00000022   Code   RO          817    i.TIM_TI1_ConfigInputStage  stm32f1xx_hal_tim.o
    0x080036be   0x080036be   0x00000024   Code   RO          819    i.TIM_TI2_ConfigInputStage  stm32f1xx_hal_tim.o
    0x080036e2   0x080036e2   0x00000002   PAD
    0x080036e4   0x080036e4   0x0000001c   Code   RO          234    i.UART_Init         my_uart.o
    0x08003700   0x08003700   0x0000002c   Code   RO          355    i.UART_ReceiveFunctionCallBack  main.o
    0x0800372c   0x0800372c   0x0000000e   Code   RO          236    i.UART_SendByte     my_uart.o
    0x0800373a   0x0800373a   0x00000002   PAD
    0x0800373c   0x0800373c   0x000000b8   Code   RO         2710    i.UART_SetConfig    stm32f1xx_hal_uart.o
    0x080037f4   0x080037f4   0x00000078   Code   RO         2713    i.UART_WaitOnFlagUntilTimeout  stm32f1xx_hal_uart.o
    0x0800386c   0x0800386c   0x00000028   Code   RO          239    i.UART_WaitUntilTxEmpty  my_uart.o
    0x08003894   0x08003894   0x0000002c   Code   RO          471    i.USART1_IRQHandler  stm32f1xx_it.o
    0x080038c0   0x080038c0   0x00000002   Code   RO          472    i.UsageFault_Handler  stm32f1xx_it.o
    0x080038c2   0x080038c2   0x00000028   Code   RO         3307    i.__ARM_fpclassify  m_ws.l(fpclassify.o)
    0x080038ea   0x080038ea   0x00000020   Code   RO         2167    i.__NVIC_SetPriority  stm32f1xx_hal_cortex.o
    0x0800390a   0x0800390a   0x00000002   PAD
    0x0800390c   0x0800390c   0x00000388   Code   RO         3255    i.__ieee754_rem_pio2  m_ws.l(rred.o)
    0x08003c94   0x08003c94   0x000000fc   Code   RO         3238    i.__kernel_cos      m_ws.l(cos_i.o)
    0x08003d90   0x08003d90   0x000000aa   Code   RO         3309    i.__kernel_poly     m_ws.l(poly.o)
    0x08003e3a   0x08003e3a   0x00000002   PAD
    0x08003e3c   0x08003e3c   0x000000ec   Code   RO         3260    i.__kernel_sin      m_ws.l(sin_i.o)
    0x08003f28   0x08003f28   0x00000006   Code   RO         3242    i.__mathlib_dbl_infnan  m_ws.l(dunder.o)
    0x08003f2e   0x08003f2e   0x0000000c   Code   RO         3244    i.__mathlib_dbl_invalid  m_ws.l(dunder.o)
    0x08003f3a   0x08003f3a   0x0000000e   Code   RO         3245    i.__mathlib_dbl_overflow  m_ws.l(dunder.o)
    0x08003f48   0x08003f48   0x00000010   Code   RO         3247    i.__mathlib_dbl_underflow  m_ws.l(dunder.o)
    0x08003f58   0x08003f58   0x00000010   Code   RO         3562    i.__mathlib_narrow  m_ws.l(narrow.o)
    0x08003f68   0x08003f68   0x000000bc   Code   RO         3563    i.__mathlib_tofloat  m_ws.l(narrow.o)
    0x08004024   0x08004024   0x00000016   Code   RO         3647    i.__support_ldexp   m_ws.l(ldexp.o)
    0x0800403a   0x0800403a   0x0000000e   Code   RO         3380    i._is_digit         c_w.l(scanf_fp.o)
    0x08004048   0x08004048   0x00000018   Code   RO         3052    i._sys_close        retarget_io.o
    0x08004060   0x08004060   0x0000000c   Code   RO         3053    i._sys_flen         retarget_io.o
    0x0800406c   0x0800406c   0x00000018   Code   RO         3054    i._sys_istty        retarget_io.o
    0x08004084   0x08004084   0x0000005c   Code   RO         3055    i._sys_open         retarget_io.o
    0x080040e0   0x080040e0   0x00000006   Code   RO         3057    i._sys_seek         retarget_io.o
    0x080040e6   0x080040e6   0x00000022   Code   RO         3058    i._sys_write        retarget_io.o
    0x08004108   0x08004108   0x0000002a   Code   RO         3195    i.atof              m_ws.l(atof.o)
    0x08004132   0x08004132   0x00000002   PAD
    0x08004134   0x08004134   0x0000009c   Code   RO         3199    i.cos               m_ws.l(cos.o)
    0x080041d0   0x080041d0   0x0000004c   Code   RO          356    i.extrac_param      main.o
    0x0800421c   0x0800421c   0x00000014   Code   RO          240    i.fputc             my_uart.o
    0x08004230   0x08004230   0x00000058   Code   RO         3617    i.frexp             m_ws.l(frexp.o)
    0x08004288   0x08004288   0x00000074   Code   RO         3648    i.ldexp             m_ws.l(ldexp.o)
    0x080042fc   0x080042fc   0x00000088   Code   RO          357    i.main              main.o
    0x08004384   0x08004384   0x0000004c   Code   RO          296    i.servo_init        servo.o
    0x080043d0   0x080043d0   0x0000003c   Code   RO          297    i.servo_pen_press   servo.o
    0x0800440c   0x0800440c   0x0000003c   Code   RO          298    i.servo_pen_release  servo.o
    0x08004448   0x08004448   0x0000004c   Code   RO          299    i.servo_rotate      servo.o
    0x08004494   0x08004494   0x000000a0   Code   RO         3207    i.sin               m_ws.l(sin.o)
    0x08004534   0x08004534   0x00000018   Code   RO           19    i.stepmotor_decrease_step  step_motor.o
    0x0800454c   0x0800454c   0x0000001a   Code   RO           20    i.stepmotor_increase_step  step_motor.o
    0x08004566   0x08004566   0x00000002   PAD
    0x08004568   0x08004568   0x000001c0   Code   RO           21    i.stepmotor_init    step_motor.o
    0x08004728   0x08004728   0x00000114   Code   RO           22    i.stepmotor_move_xy  step_motor.o
    0x0800483c   0x0800483c   0x00000078   Code   RO           23    i.stepmotor_set_step  step_motor.o
    0x080048b4   0x080048b4   0x00000028   Code   RO           25    i.stepmotor_set_step_num  step_motor.o
    0x080048dc   0x080048dc   0x00000028   Code   RO           26    i.stepmotor_set_step_time  step_motor.o
    0x08004904   0x08004904   0x0000002e   Code   RO           27    i.stepmotor_step_handle_it_update  step_motor.o
    0x08004932   0x08004932   0x00000022   Code   RO           28    i.stepmotor_step_start_it  step_motor.o
    0x08004954   0x08004954   0x0000001c   Code   RO           29    i.stepmotor_step_stop_it  step_motor.o
    0x08004970   0x08004970   0x00000012   Code   RO           30    i.stepmotor_stop    step_motor.o
    0x08004982   0x08004982   0x00000002   PAD
    0x08004984   0x08004984   0x0000002c   Code   RO         3301    locale$$code        c_w.l(lc_numeric_c.o)
    0x080049b0   0x080049b0   0x0000002c   Code   RO         3536    locale$$code        c_w.l(lc_ctype_c.o)
    0x080049dc   0x080049dc   0x00000062   Code   RO         3140    x$fpl$d2f           fz_ws.l(d2f.o)
    0x08004a3e   0x08004a3e   0x00000002   PAD
    0x08004a40   0x08004a40   0x00000150   Code   RO         3142    x$fpl$dadd          fz_ws.l(daddsub_clz.o)
    0x08004b90   0x08004b90   0x00000010   Code   RO         3468    x$fpl$dcheck1       fz_ws.l(dcheck1.o)
    0x08004ba0   0x08004ba0   0x00000018   Code   RO         3642    x$fpl$dcmpinf       fz_ws.l(dcmpi.o)
    0x08004bb8   0x08004bb8   0x000002b0   Code   RO         3149    x$fpl$ddiv          fz_ws.l(ddiv.o)
    0x08004e68   0x08004e68   0x00000078   Code   RO         3610    x$fpl$deqf          fz_ws.l(deqf.o)
    0x08004ee0   0x08004ee0   0x0000005e   Code   RO         3152    x$fpl$dfix          fz_ws.l(dfix.o)
    0x08004f3e   0x08004f3e   0x0000002e   Code   RO         3157    x$fpl$dflt          fz_ws.l(dflt_clz.o)
    0x08004f6c   0x08004f6c   0x00000026   Code   RO         3156    x$fpl$dfltu         fz_ws.l(dflt_clz.o)
    0x08004f92   0x08004f92   0x00000002   PAD
    0x08004f94   0x08004f94   0x00000078   Code   RO         3644    x$fpl$dleqf         fz_ws.l(dleqf.o)
    0x0800500c   0x0800500c   0x00000154   Code   RO         3162    x$fpl$dmul          fz_ws.l(dmul.o)
    0x08005160   0x08005160   0x0000009c   Code   RO         3227    x$fpl$dnaninf       fz_ws.l(dnaninf.o)
    0x080051fc   0x080051fc   0x0000000c   Code   RO         3229    x$fpl$dretinf       fz_ws.l(dretinf.o)
    0x08005208   0x08005208   0x0000006c   Code   RO         3612    x$fpl$drleqf        fz_ws.l(drleqf.o)
    0x08005274   0x08005274   0x00000016   Code   RO         3143    x$fpl$drsb          fz_ws.l(daddsub_clz.o)
    0x0800528a   0x0800528a   0x00000002   PAD
    0x0800528c   0x0800528c   0x000001d4   Code   RO         3144    x$fpl$dsub          fz_ws.l(daddsub_clz.o)
    0x08005460   0x08005460   0x00000056   Code   RO         3164    x$fpl$f2d           fz_ws.l(f2d.o)
    0x080054b6   0x080054b6   0x00000002   PAD
    0x080054b8   0x080054b8   0x000000c4   Code   RO         3166    x$fpl$fadd          fz_ws.l(faddsub_clz.o)
    0x0800557c   0x0800557c   0x00000018   Code   RO         3231    x$fpl$fcmpinf       fz_ws.l(fcmpi.o)
    0x08005594   0x08005594   0x00000184   Code   RO         3173    x$fpl$fdiv          fz_ws.l(fdiv.o)
    0x08005718   0x08005718   0x00000036   Code   RO         3176    x$fpl$ffix          fz_ws.l(ffix.o)
    0x0800574e   0x0800574e   0x00000002   PAD
    0x08005750   0x08005750   0x0000003e   Code   RO         3180    x$fpl$ffixu         fz_ws.l(ffixu.o)
    0x0800578e   0x0800578e   0x00000002   PAD
    0x08005790   0x08005790   0x00000030   Code   RO         3185    x$fpl$fflt          fz_ws.l(fflt_clz.o)
    0x080057c0   0x080057c0   0x00000068   Code   RO         3190    x$fpl$fleqf         fz_ws.l(fleqf.o)
    0x08005828   0x08005828   0x00000102   Code   RO         3192    x$fpl$fmul          fz_ws.l(fmul.o)
    0x0800592a   0x0800592a   0x0000008c   Code   RO         3233    x$fpl$fnaninf       fz_ws.l(fnaninf.o)
    0x080059b6   0x080059b6   0x0000000a   Code   RO         3235    x$fpl$fretinf       fz_ws.l(fretinf.o)
    0x080059c0   0x080059c0   0x000000ea   Code   RO         3168    x$fpl$fsub          fz_ws.l(faddsub_clz.o)
    0x08005aaa   0x08005aaa   0x00000006   Code   RO         3552    x$fpl$ieeestatus    fz_ws.l(istatus.o)
    0x08005ab0   0x08005ab0   0x00000064   Code   RO         3554    x$fpl$retnan        fz_ws.l(retnan.o)
    0x08005b14   0x08005b14   0x0000005c   Code   RO         3303    x$fpl$scalbn        fz_ws.l(scalbn.o)
    0x08005b70   0x08005b70   0x00000004   Code   RO         3305    x$fpl$scanf1        fz_ws.l(scanf1.o)
    0x08005b74   0x08005b74   0x00000008   Code   RO         3556    x$fpl$scanf2        fz_ws.l(scanf2.o)
    0x08005b7c   0x08005b7c   0x00000030   Code   RO         3614    x$fpl$trapveneer    fz_ws.l(trapv.o)
    0x08005bac   0x08005bac   0x00000000   Code   RO         3237    x$fpl$usenofp       fz_ws.l(usenofp.o)
    0x08005bac   0x08005bac   0x00000012   Data   RO         1865    .constdata          stm32f1xx_hal_rcc.o
    0x08005bbe   0x08005bbe   0x00000010   Data   RO         3019    .constdata          system_stm32f1xx.o
    0x08005bce   0x08005bce   0x00000008   Data   RO         3020    .constdata          system_stm32f1xx.o
    0x08005bd6   0x08005bd6   0x00000007   Data   RO         3059    .constdata          retarget_io.o
    0x08005bdd   0x08005bdd   0x00000008   Data   RO         3060    .constdata          retarget_io.o
    0x08005be5   0x08005be5   0x00000008   Data   RO         3061    .constdata          retarget_io.o
    0x08005bed   0x08005bed   0x00000003   PAD
    0x08005bf0   0x08005bf0   0x00000030   Data   RO         3239    .constdata          m_ws.l(cos_i.o)
    0x08005c20   0x08005c20   0x000000c8   Data   RO         3257    .constdata          m_ws.l(rred.o)
    0x08005ce8   0x08005ce8   0x00000028   Data   RO         3261    .constdata          m_ws.l(sin_i.o)
    0x08005d10   0x08005d10   0x00000094   Data   RO         3507    .constdata          c_w.l(bigflt0.o)
    0x08005da4   0x08005da4   0x00000020   Data   RO         3677    Region$$Table       anon$$obj.o
    0x08005dc4   0x08005dc4   0x00000008   Data   RO         3546    c$$dinf             fz_ws.l(fpconst.o)
    0x08005dcc   0x08005dcc   0x00000008   Data   RO         3549    c$$dmax             fz_ws.l(fpconst.o)
    0x08005dd4   0x08005dd4   0x0000001c   Data   RO         3300    locale$$data        c_w.l(lc_numeric_c.o)
    0x08005df0   0x08005df0   0x00000110   Data   RO         3535    locale$$data        c_w.l(lc_ctype_c.o)


    Execution Region RW_IRAM1 (Exec base: 0x20000000, Load base: 0x08005f00, Size: 0x00000b08, Max: 0x00005000, ABSOLUTE)

    Exec Addr    Load Addr    Size         Type   Attr      Idx    E Section Name        Object

    0x20000000   0x08005f00   0x00000004   Data   RW           32    .data               step_motor.o
    0x20000004   0x08005f04   0x00000002   Data   RW          359    .data               main.o
    0x20000006   0x08005f06   0x00000002   PAD
    0x20000008   0x08005f08   0x0000000c   Data   RW         1702    .data               stm32f1xx_hal.o
    0x20000014   0x08005f14   0x00000004   Data   RW         3021    .data               system_stm32f1xx.o
    0x20000018   0x08005f18   0x00000004   Data   RW         3224    .data               c_w.l(stdio_streams.o)
    0x2000001c   0x08005f1c   0x00000004   Data   RW         3225    .data               c_w.l(stdio_streams.o)
    0x20000020   0x08005f20   0x00000004   Data   RW         3226    .data               c_w.l(stdio_streams.o)
    0x20000024        -       0x00000168   Zero   RW           31    .bss                step_motor.o
    0x2000018c        -       0x00000010   Zero   RW          300    .bss                servo.o
    0x2000019c        -       0x0000020c   Zero   RW          358    .bss                main.o
    0x200003a8        -       0x00000054   Zero   RW         3221    .bss                c_w.l(stdio_streams.o)
    0x200003fc        -       0x00000054   Zero   RW         3222    .bss                c_w.l(stdio_streams.o)
    0x20000450        -       0x00000054   Zero   RW         3223    .bss                c_w.l(stdio_streams.o)
    0x200004a4        -       0x00000060   Zero   RW         3312    .bss                c_w.l(libspace.o)
    0x20000504   0x08005f24   0x00000004   PAD
    0x20000508        -       0x00000200   Zero   RW            2    HEAP                startup_stm32f103xb.o
    0x20000708        -       0x00000400   Zero   RW            1    STACK               startup_stm32f103xb.o


==============================================================================

Image component sizes


      Code (inc. data)   RO Data    RW Data    ZI Data      Debug   Object Name

      1802        144          0          2        524       9013   main.o
       254         10          0          0          0       2508   my_pwm.o
       102         14          0          0          0       2481   my_uart.o
       192         24         23          0          0       5110   retarget_io.o
       272         50          0          0         16       3150   servo.o
        64         26        236          0       1536        816   startup_stm32f103xb.o
      1356        100          0          4        360     439259   step_motor.o
       164         28          0         12          0       5941   stm32f1xx_hal.o
       198         14          0          0          0      28971   stm32f1xx_hal_cortex.o
       490         34          0          0          0       2904   stm32f1xx_hal_gpio.o
       484         62          0          0          0       3636   stm32f1xx_hal_msp.o
      1240         84         18          0          0       5140   stm32f1xx_hal_rcc.o
      1142         34          0          0          0      10478   stm32f1xx_hal_tim.o
       188         12          0          0          0       2160   stm32f1xx_hal_tim_ex.o
       558          6          0          0          0       4004   stm32f1xx_hal_uart.o
       130         24          0          0          0       5824   stm32f1xx_it.o
         2          0         24          4          0       1131   system_stm32f1xx.o

    ----------------------------------------------------------------------
      8664        666        336         24       2436     532526   Object Totals
         0          0         32          0          0          0   (incl. Generated)
        26          0          3          2          0          0   (incl. Padding)

    ----------------------------------------------------------------------

      Code (inc. data)   RO Data    RW Data    ZI Data      Debug   Library Member Name

         8          0          0          0          0         68   __main.o
        40          0          0          0          0         84   __printf_nopercent.o
         0          0          0          0          0          0   __rtentry.o
        12          0          0          0          0          0   __rtentry2.o
         6          0          0          0          0          0   __rtentry4.o
        52          8          0          0          0          0   __scatter.o
        26          0          0          0          0          0   __scatter_copy.o
        28          0          0          0          0          0   __scatter_zi.o
        28          0          0          0          0         68   _chval.o
        48          6          0          0          0         96   _printf_char_common.o
        36          4          0          0          0         80   _printf_char_file.o
        22          0          0          0          0        100   _rserrno.o
        64          0          0          0          0         84   _sgetc.o
       228          4        148          0          0         96   bigflt0.o
      1924        136          0          0          0        756   btod.o
        10          0          0          0          0         68   defsig_exit.o
        50          0          0          0          0         88   defsig_general.o
        80         58          0          0          0         76   defsig_rtmem_inner.o
        14          0          0          0          0         80   defsig_rtmem_outer.o
        52         38          0          0          0         76   defsig_rtred_inner.o
        14          0          0          0          0         80   defsig_rtred_outer.o
        18          0          0          0          0         80   exit.o
        76          0          0          0          0         88   fclose.o
         8          0          0          0          0         68   ferror.o
       236          4          0          0          0        128   fopen.o
       248          6          0          0          0         84   fseek.o
        66          0          0          0          0         76   ftell.o
        94          0          0          0          0         80   h1_alloc.o
        52          0          0          0          0         68   h1_extend.o
        78          0          0          0          0         80   h1_free.o
        14          0          0          0          0         84   h1_init.o
         6          0          0          0          0        152   heapauxi.o
         4          0          0          0          0        136   hguard.o
         0          0          0          0          0          0   indicate_semi.o
       138          0          0          0          0        168   init_alloc.o
       312         46          0          0          0        112   initio.o
        18          0          0          0          0         76   isspace.o
        44         10        272          0          0         76   lc_ctype_c.o
        44         10         28          0          0         76   lc_numeric_c.o
         2          0          0          0          0          0   libinit.o
        42          0          0          0          0          0   libinit2.o
         2          0          0          0          0          0   libshutdown.o
         6          0          0          0          0          0   libshutdown2.o
         8          4          0          0         96         68   libspace.o
        38          0          0          0          0         68   llshl.o
         0          0          0          0          0          0   maybetermalloc1.o
        24          4          0          0          0         84   noretval__2printf.o
        16          4          0          0          0         76   rt_ctype_table.o
         8          4          0          0          0         68   rt_errno_addr_intlibspace.o
         8          4          0          0          0         68   rt_heap_descriptor_intlibspace.o
         8          4          0          0          0         68   rt_locale_intlibspace.o
        78          0          0          0          0         80   rt_memclr_w.o
         2          0          0          0          0          0   rtexit.o
        10          0          0          0          0          0   rtexit2.o
      1286         16          0          0          0        236   scanf_fp.o
       800         14          0          0          0        100   scanf_hexfp.o
       308         16          0          0          0        100   scanf_infnan.o
        70          0          0          0          0         80   setvbuf.o
       240          6          0          0          0        156   stdio.o
         0          0          0         12        252          0   stdio_streams.o
       128          0          0          0          0         68   strcmpv7m.o
       164         14          0          0          0        120   strtod.o
        12          4          0          0          0         68   sys_exit.o
        74          0          0          0          0         80   sys_stackheap_outer.o
        14          0          0          0          0         76   sys_wrch.o
         2          0          0          0          0         68   use_no_semi.o
        98          4          0          0          0         92   d2f.o
       826         16          0          0          0        348   daddsub_clz.o
        16          4          0          0          0         68   dcheck1.o
        24          0          0          0          0         68   dcmpi.o
       688        140          0          0          0        208   ddiv.o
       120          4          0          0          0         92   deqf.o
        94          4          0          0          0         92   dfix.o
        84          0          0          0          0        136   dflt_clz.o
       120          4          0          0          0         92   dleqf.o
       340         12          0          0          0        104   dmul.o
       156          4          0          0          0         92   dnaninf.o
        12          0          0          0          0         68   dretinf.o
       108          0          0          0          0         80   drleqf.o
        86          4          0          0          0         84   f2d.o
       430          8          0          0          0        168   faddsub_clz.o
        24          0          0          0          0         68   fcmpi.o
       388         76          0          0          0         96   fdiv.o
        54          4          0          0          0         84   ffix.o
        62          4          0          0          0         84   ffixu.o
        48          0          0          0          0         68   fflt_clz.o
       104          4          0          0          0         84   fleqf.o
       258          4          0          0          0         84   fmul.o
       140          4          0          0          0         84   fnaninf.o
         0          0         16          0          0          0   fpconst.o
        10          0          0          0          0         68   fretinf.o
         6          0          0          0          0         68   istatus.o
       100          0          0          0          0         68   retnan.o
        92          0          0          0          0         68   scalbn.o
         4          0          0          0          0         68   scanf1.o
         8          0          0          0          0         84   scanf2.o
        48          0          0          0          0         68   trapv.o
         0          0          0          0          0          0   usenofp.o
        42          0          0          0          0         84   atof.o
       156          8          0          0          0        104   cos.o
       252         22         48          0          0        124   cos_i.o
        48          6          0          0          0        272   dunder.o
        40          0          0          0          0         68   fpclassify.o
        88          8          0          0          0         76   frexp.o
       138          0          0          0          0        160   ldexp.o
       204          4          0          0          0        168   narrow.o
       170          0          0          0          0         96   poly.o
       904         76        200          0          0        140   rred.o
       160         10          0          0          0        108   sin.o
       236         12         40          0          0        128   sin_i.o

    ----------------------------------------------------------------------
     14568        870        752         12        352       9728   Library Totals
        34          0          0          0          4          0   (incl. Padding)

    ----------------------------------------------------------------------

      Code (inc. data)   RO Data    RW Data    ZI Data      Debug   Library Name

      7548        424        448         12        348       5264   c_w.l
      4548        300         16          0          0       2936   fz_ws.l
      2438        146        288          0          0       1528   m_ws.l

    ----------------------------------------------------------------------
     14568        870        752         12        352       9728   Library Totals

    ----------------------------------------------------------------------

==============================================================================


      Code (inc. data)   RO Data    RW Data    ZI Data      Debug   

     23232       1536       1088         36       2788     531642   Grand Totals
     23232       1536       1088         36       2788     531642   ELF Image Totals
     23232       1536       1088         36          0          0   ROM Totals

==============================================================================

    Total RO  Size (Code + RO Data)                24320 (  23.75kB)
    Total RW  Size (RW Data + ZI Data)              2824 (   2.76kB)
    Total ROM Size (Code + RO Data + RW Data)      24356 (  23.79kB)

==============================================================================

